Archive member included to satisfy reference by file (symbol)

c:/intelfpga_lite/21.1/nios2eds/bin/gnu/h-x86_64-mingw32/bin/../lib/gcc/nios2-elf/10.3.1/../../../../../H-x86_64-mingw32/nios2-elf/lib/mno-hw-mul\libc.a(lib_a-puts.o)
                              obj/default/main.o (puts)
c:/intelfpga_lite/21.1/nios2eds/bin/gnu/h-x86_64-mingw32/bin/../lib/gcc/nios2-elf/10.3.1/../../../../../H-x86_64-mingw32/nios2-elf/lib/mno-hw-mul\libc.a(lib_a-strlen.o)
                              c:/intelfpga_lite/21.1/nios2eds/bin/gnu/h-x86_64-mingw32/bin/../lib/gcc/nios2-elf/10.3.1/../../../../../H-x86_64-mingw32/nios2-elf/lib/mno-hw-mul\libc.a(lib_a-puts.o) (strlen)
c:/intelfpga_lite/21.1/nios2eds/bin/gnu/h-x86_64-mingw32/bin/../lib/gcc/nios2-elf/10.3.1/../../../../../H-x86_64-mingw32/nios2-elf/lib/mno-hw-mul\libc.a(lib_a-findfp.o)
                              c:/intelfpga_lite/21.1/nios2eds/bin/gnu/h-x86_64-mingw32/bin/../lib/gcc/nios2-elf/10.3.1/../../../../../H-x86_64-mingw32/nios2-elf/lib/mno-hw-mul\libc.a(lib_a-puts.o) (__sinit)
c:/intelfpga_lite/21.1/nios2eds/bin/gnu/h-x86_64-mingw32/bin/../lib/gcc/nios2-elf/10.3.1/../../../../../H-x86_64-mingw32/nios2-elf/lib/mno-hw-mul\libc.a(lib_a-fvwrite.o)
                              c:/intelfpga_lite/21.1/nios2eds/bin/gnu/h-x86_64-mingw32/bin/../lib/gcc/nios2-elf/10.3.1/../../../../../H-x86_64-mingw32/nios2-elf/lib/mno-hw-mul\libc.a(lib_a-puts.o) (__sfvwrite_r)
c:/intelfpga_lite/21.1/nios2eds/bin/gnu/h-x86_64-mingw32/bin/../lib/gcc/nios2-elf/10.3.1/../../../../../H-x86_64-mingw32/nios2-elf/lib/mno-hw-mul\libc.a(lib_a-fwalk.o)
                              c:/intelfpga_lite/21.1/nios2eds/bin/gnu/h-x86_64-mingw32/bin/../lib/gcc/nios2-elf/10.3.1/../../../../../H-x86_64-mingw32/nios2-elf/lib/mno-hw-mul\libc.a(lib_a-findfp.o) (_fwalk)
c:/intelfpga_lite/21.1/nios2eds/bin/gnu/h-x86_64-mingw32/bin/../lib/gcc/nios2-elf/10.3.1/../../../../../H-x86_64-mingw32/nios2-elf/lib/mno-hw-mul\libc.a(lib_a-impure.o)
                              c:/intelfpga_lite/21.1/nios2eds/bin/gnu/h-x86_64-mingw32/bin/../lib/gcc/nios2-elf/10.3.1/../../../../../H-x86_64-mingw32/nios2-elf/lib/mno-hw-mul\libc.a(lib_a-findfp.o) (_global_impure_ptr)
c:/intelfpga_lite/21.1/nios2eds/bin/gnu/h-x86_64-mingw32/bin/../lib/gcc/nios2-elf/10.3.1/../../../../../H-x86_64-mingw32/nios2-elf/lib/mno-hw-mul\libc.a(lib_a-mallocr.o)
                              c:/intelfpga_lite/21.1/nios2eds/bin/gnu/h-x86_64-mingw32/bin/../lib/gcc/nios2-elf/10.3.1/../../../../../H-x86_64-mingw32/nios2-elf/lib/mno-hw-mul\libc.a(lib_a-findfp.o) (_malloc_r)
c:/intelfpga_lite/21.1/nios2eds/bin/gnu/h-x86_64-mingw32/bin/../lib/gcc/nios2-elf/10.3.1/../../../../../H-x86_64-mingw32/nios2-elf/lib/mno-hw-mul\libc.a(lib_a-memchr.o)
                              c:/intelfpga_lite/21.1/nios2eds/bin/gnu/h-x86_64-mingw32/bin/../lib/gcc/nios2-elf/10.3.1/../../../../../H-x86_64-mingw32/nios2-elf/lib/mno-hw-mul\libc.a(lib_a-fvwrite.o) (memchr)
c:/intelfpga_lite/21.1/nios2eds/bin/gnu/h-x86_64-mingw32/bin/../lib/gcc/nios2-elf/10.3.1/../../../../../H-x86_64-mingw32/nios2-elf/lib/mno-hw-mul\libc.a(lib_a-memcpy.o)
                              c:/intelfpga_lite/21.1/nios2eds/bin/gnu/h-x86_64-mingw32/bin/../lib/gcc/nios2-elf/10.3.1/../../../../../H-x86_64-mingw32/nios2-elf/lib/mno-hw-mul\libc.a(lib_a-fvwrite.o) (memcpy)
c:/intelfpga_lite/21.1/nios2eds/bin/gnu/h-x86_64-mingw32/bin/../lib/gcc/nios2-elf/10.3.1/../../../../../H-x86_64-mingw32/nios2-elf/lib/mno-hw-mul\libc.a(lib_a-memmove.o)
                              c:/intelfpga_lite/21.1/nios2eds/bin/gnu/h-x86_64-mingw32/bin/../lib/gcc/nios2-elf/10.3.1/../../../../../H-x86_64-mingw32/nios2-elf/lib/mno-hw-mul\libc.a(lib_a-fvwrite.o) (memmove)
c:/intelfpga_lite/21.1/nios2eds/bin/gnu/h-x86_64-mingw32/bin/../lib/gcc/nios2-elf/10.3.1/../../../../../H-x86_64-mingw32/nios2-elf/lib/mno-hw-mul\libc.a(lib_a-memset.o)
                              c:/intelfpga_lite/21.1/nios2eds/bin/gnu/h-x86_64-mingw32/bin/../lib/gcc/nios2-elf/10.3.1/../../../../../H-x86_64-mingw32/nios2-elf/lib/mno-hw-mul\libc.a(lib_a-findfp.o) (memset)
c:/intelfpga_lite/21.1/nios2eds/bin/gnu/h-x86_64-mingw32/bin/../lib/gcc/nios2-elf/10.3.1/../../../../../H-x86_64-mingw32/nios2-elf/lib/mno-hw-mul\libc.a(lib_a-reallocr.o)
                              c:/intelfpga_lite/21.1/nios2eds/bin/gnu/h-x86_64-mingw32/bin/../lib/gcc/nios2-elf/10.3.1/../../../../../H-x86_64-mingw32/nios2-elf/lib/mno-hw-mul\libc.a(lib_a-fvwrite.o) (_realloc_r)
c:/intelfpga_lite/21.1/nios2eds/bin/gnu/h-x86_64-mingw32/bin/../lib/gcc/nios2-elf/10.3.1/../../../../../H-x86_64-mingw32/nios2-elf/lib/mno-hw-mul\libc.a(lib_a-sbrkr.o)
                              c:/intelfpga_lite/21.1/nios2eds/bin/gnu/h-x86_64-mingw32/bin/../lib/gcc/nios2-elf/10.3.1/../../../../../H-x86_64-mingw32/nios2-elf/lib/mno-hw-mul\libc.a(lib_a-mallocr.o) (_sbrk_r)
[...]
Memory Configuration

Name             Origin             Length             Attributes
reset            0x0000000000020000 0x0000000000000020
onchip_memory2   0x0000000000020020 0x000000000001ffe0
*default*        0x0000000000000000 0xffffffffffffffff

Linker script and memory map

LOAD c:/Users/Robin/Documents/GitHub/Headbang-bot/headbang_bot/software/audio_bsp//obj/HAL/src/crt0.o
LOAD obj/default/main.o
LOAD c:/intelfpga_lite/21.1/nios2eds/bin/gnu/h-x86_64-mingw32/bin/../lib/gcc/nios2-elf/10.3.1/../../../../../H-x86_64-mingw32/nios2-elf/lib/mno-hw-mul\libstdc++.a
LOAD c:/intelfpga_lite/21.1/nios2eds/bin/gnu/h-x86_64-mingw32/bin/../lib/gcc/nios2-elf/10.3.1/../../../../../H-x86_64-mingw32/nios2-elf/lib/mno-hw-mul\libm.a
LOAD c:/intelfpga_lite/21.1/nios2eds/bin/gnu/h-x86_64-mingw32/bin/../lib/gcc/nios2-elf/10.3.1/mno-hw-mul\libgcc.a
START GROUP
LOAD c:/intelfpga_lite/21.1/nios2eds/bin/gnu/h-x86_64-mingw32/bin/../lib/gcc/nios2-elf/10.3.1/../../../../../H-x86_64-mingw32/nios2-elf/lib/mno-hw-mul\libc.a
LOAD c:/intelfpga_lite/21.1/nios2eds/bin/gnu/h-x86_64-mingw32/bin/../lib/gcc/nios2-elf/10.3.1/mno-hw-mul\libgcc.a
LOAD c:/Users/Robin/Documents/GitHub/Headbang-bot/headbang_bot/software/audio_bsp/\libhal_bsp.a
LOAD c:/intelfpga_lite/21.1/nios2eds/bin/gnu/h-x86_64-mingw32/bin/../lib/gcc/nios2-elf/10.3.1/../../../../../H-x86_64-mingw32/nios2-elf/lib/mno-hw-mul\libm.a
END GROUP
LOAD c:/intelfpga_lite/21.1/nios2eds/bin/gnu/h-x86_64-mingw32/bin/../lib/gcc/nios2-elf/10.3.1/mno-hw-mul\libgcc.a
                0x0000000000020000                __alt_mem_onchip_memory2 = 0x20000

.entry          0x0000000000020000       0x20
 *(.entry)
 .entry         0x0000000000020000       0x20 c:/Users/Robin/Documents/GitHub/Headbang-bot/headbang_bot/software/audio_bsp//obj/HAL/src/crt0.o
                0x0000000000020000                __reset

.exceptions     0x0000000000020020      0x208
                0x0000000000020020                PROVIDE (__ram_exceptions_start = ABSOLUTE (.))
                0x0000000000020020                . = ALIGN (0x20)
 *(.irq)
 *(.exceptions.entry.label)
 .exceptions.entry.label
                0x0000000000020020        0x0 c:/Users/Robin/Documents/GitHub/Headbang-bot/headbang_bot/software/audio_bsp/\libhal_bsp.a(alt_irq_entry.o)
                0x0000000000020020                alt_irq_entry
 .exceptions.entry.label
                0x0000000000020020        0x0 c:/Users/Robin/Documents/GitHub/Headbang-bot/headbang_bot/software/audio_bsp/\libhal_bsp.a(alt_exception_entry.o)
                0x0000000000020020                alt_exception
 *(.exceptions.entry.user)
 *(.exceptions.entry.ecc_fatal)
 *(.exceptions.entry)
 .exceptions.entry
                0x0000000000020020       0x54 c:/Users/Robin/Documents/GitHub/Headbang-bot/headbang_bot/software/audio_bsp/\libhal_bsp.a(alt_exception_entry.o)
 *(.exceptions.irqtest.user)
 *(.exceptions.irqtest)
 .exceptions.irqtest
                0x0000000000020074       0x10 c:/Users/Robin/Documents/GitHub/Headbang-bot/headbang_bot/software/audio_bsp/\libhal_bsp.a(alt_irq_entry.o)
 *(.exceptions.irqhandler.user)
 *(.exceptions.irqhandler)
 .exceptions.irqhandler
                0x0000000000020084        0x4 c:/Users/Robin/Documents/GitHub/Headbang-bot/headbang_bot/software/audio_bsp/\libhal_bsp.a(alt_irq_entry.o)
 *(.exceptions.irqreturn.user)
 *(.exceptions.irqreturn)
 .exceptions.irqreturn
                0x0000000000020088        0x4 c:/Users/Robin/Documents/GitHub/Headbang-bot/headbang_bot/software/audio_bsp/\libhal_bsp.a(alt_irq_entry.o)
 *(.exceptions.notirq.label)
 .exceptions.notirq.label
                0x000000000002008c        0x0 c:/Users/Robin/Documents/GitHub/Headbang-bot/headbang_bot/software/audio_bsp/\libhal_bsp.a(alt_irq_entry.o)
 *(.exceptions.notirq.user)
 *(.exceptions.notirq)
 .exceptions.notirq
                0x000000000002008c        0x8 c:/Users/Robin/Documents/GitHub/Headbang-bot/headbang_bot/software/audio_bsp/\libhal_bsp.a(alt_exception_entry.o)
 *(.exceptions.soft.user)
 *(.exceptions.soft)
 *(.exceptions.unknown.user)
 *(.exceptions.unknown)
 .exceptions.unknown
                0x0000000000020094       0x14 c:/Users/Robin/Documents/GitHub/Headbang-bot/headbang_bot/software/audio_bsp/\libhal_bsp.a(alt_exception_entry.o)
 *(.exceptions.exit.label)
 .exceptions.exit.label
                0x00000000000200a8        0x0 c:/Users/Robin/Documents/GitHub/Headbang-bot/headbang_bot/software/audio_bsp/\libhal_bsp.a(alt_irq_entry.o)
 .exceptions.exit.label
                0x00000000000200a8        0x0 c:/Users/Robin/Documents/GitHub/Headbang-bot/headbang_bot/software/audio_bsp/\libhal_bsp.a(alt_exception_entry.o)
 *(.exceptions.exit.user)
 *(.exceptions.exit)
 .exceptions.exit
                0x00000000000200a8       0x54 c:/Users/Robin/Documents/GitHub/Headbang-bot/headbang_bot/software/audio_bsp/\libhal_bsp.a(alt_exception_entry.o)
 *(.exceptions)
 .exceptions    0x00000000000200fc       0xcc c:/Users/Robin/Documents/GitHub/Headbang-bot/headbang_bot/software/audio_bsp/\libhal_bsp.a(alt_irq_handler.o)
                0x00000000000200fc                alt_irq_handler
 .exceptions    0x00000000000201c8       0x60 c:/Users/Robin/Documents/GitHub/Headbang-bot/headbang_bot/software/audio_bsp/\libhal_bsp.a(alt_instruction_exception_entry.o)
                0x00000000000201c8                alt_instruction_exception_entry
                0x0000000000020228                PROVIDE (__ram_exceptions_end = ABSOLUTE (.))
                0x0000000000020020                PROVIDE (__flash_exceptions_start = LOADADDR (.exceptions))

.text           0x0000000000020228     0x5b90
                [!provide]                        PROVIDE (stext = ABSOLUTE (.))
 *(.interp)
 *(.hash)
 *(.dynsym)
 *(.dynstr)
 *(.gnu.version)
 *(.gnu.version_d)
 *(.gnu.version_r)
 *(.rel.init)
 *(.rela.init)
 *(.rel.text .rel.text.* .rel.gnu.linkonce.t.*)
 *(.rela.text .rela.text.* .rela.gnu.linkonce.t.*)
 *(.rel.fini)
 *(.rela.fini)
 *(.rel.rodata .rel.rodata.* .rel.gnu.linkonce.r.*)
 *(.rela.rodata .rela.rodata.* .rela.gnu.linkonce.r.*)
 *(.rel.data .rel.data.* .rel.gnu.linkonce.d.*)
 *(.rela.data .rela.data.* .rela.gnu.linkonce.d.*)
 *(.rel.tdata .rel.tdata.* .rel.gnu.linkonce.td.*)
 *(.rela.tdata .rela.tdata.* .rela.gnu.linkonce.td.*)
 *(.rel.tbss .rel.tbss.* .rel.gnu.linkonce.tb.*)
 *(.rela.tbss .rela.tbss.* .rela.gnu.linkonce.tb.*)
 *(.rel.ctors)
 *(.rela.ctors)
 *(.rel.dtors)
 *(.rela.dtors)
 *(.rel.got)
 *(.rela.got)
 *(.rel.sdata .rel.sdata.* .rel.gnu.linkonce.s.*)
 *(.rela.sdata .rela.sdata.* .rela.gnu.linkonce.s.*)
 *(.rel.sbss .rel.sbss.* .rel.gnu.linkonce.sb.*)
 *(.rela.sbss .rela.sbss.* .rela.gnu.linkonce.sb.*)
 *(.rel.sdata2 .rel.sdata2.* .rel.gnu.linkonce.s2.*)
 *(.rela.sdata2 .rela.sdata2.* .rela.gnu.linkonce.s2.*)
 *(.rel.sbss2 .rel.sbss2.* .rel.gnu.linkonce.sb2.*)
 *(.rela.sbss2 .rela.sbss2.* .rela.gnu.linkonce.sb2.*)
 *(.rel.bss .rel.bss.* .rel.gnu.linkonce.b.*)
 *(.rela.bss .rela.bss.* .rela.gnu.linkonce.b.*)
 *(.rel.plt)
 *(.rela.plt)
 *(.rel.dyn)
 *(.init)
 *(.plt)
 *(.text .stub .text.* .gnu.linkonce.t.*)
 .text          0x0000000000020228       0x3c c:/Users/Robin/Documents/GitHub/Headbang-bot/headbang_bot/software/audio_bsp//obj/HAL/src/crt0.o
                0x0000000000020228                _start
 .text          0x0000000000020264       0xc0 obj/default/main.o
                0x0000000000020264                main
 .text          0x0000000000020324        0x0 c:/intelfpga_lite/21.1/nios2eds/bin/gnu/h-x86_64-mingw32/bin/../lib/gcc/nios2-elf/10.3.1/../../../../../H-x86_64-mingw32/nios2-elf/lib/mno-hw-mul\libc.a(lib_a-puts.o)
 .text._puts_r  0x0000000000020324       0xcc c:/intelfpga_lite/21.1/nios2eds/bin/gnu/h-x86_64-mingw32/bin/../lib/gcc/nios2-elf/10.3.1/../../../../../H-x86_64-mingw32/nios2-elf/lib/mno-hw-mul\libc.a(lib_a-puts.o)
                0x0000000000020324                _puts_r
 .text.puts     0x00000000000203f0       0x10 c:/intelfpga_lite/21.1/nios2eds/bin/gnu/h-x86_64-mingw32/bin/../lib/gcc/nios2-elf/10.3.1/../../../../../H-x86_64-mingw32/nios2-elf/lib/mno-hw-mul\libc.a(lib_a-puts.o)
                0x00000000000203f0                puts
 .text          0x0000000000020400        0x0 c:/intelfpga_lite/21.1/nios2eds/bin/gnu/h-x86_64-mingw32/bin/../lib/gcc/nios2-elf/10.3.1/../../../../../H-x86_64-mingw32/nios2-elf/lib/mno-hw-mul\libc.a(lib_a-strlen.o)
 .text.strlen   0x0000000000020400       0x98 c:/intelfpga_lite/21.1/nios2eds/bin/gnu/h-x86_64-mingw32/bin/../lib/gcc/nios2-elf/10.3.1/../../../../../H-x86_64-mingw32/nios2-elf/lib/mno-hw-mul\libc.a(lib_a-strlen.o)
                0x0000000000020400                strlen
 .text          0x0000000000020498        0x0 c:/intelfpga_lite/21.1/nios2eds/bin/gnu/h-x86_64-mingw32/bin/../lib/gcc/nios2-elf/10.3.1/../../../../../H-x86_64-mingw32/nios2-elf/lib/mno-hw-mul\libc.a(lib_a-findfp.o)
 .text.__fp_lock
                0x0000000000020498        0x8 c:/intelfpga_lite/21.1/nios2eds/bin/gnu/h-x86_64-mingw32/bin/../lib/gcc/nios2-elf/10.3.1/../../../../../H-x86_64-mingw32/nios2-elf/lib/mno-hw-mul\libc.a(lib_a-findfp.o)
 .text._cleanup_r
                0x00000000000204a0        0xc c:/intelfpga_lite/21.1/nios2eds/bin/gnu/h-x86_64-mingw32/bin/../lib/gcc/nios2-elf/10.3.1/../../../../../H-x86_64-mingw32/nios2-elf/lib/mno-hw-mul\libc.a(lib_a-findfp.o)
                0x00000000000204a0                _cleanup_r
 .text.__fp_unlock
                0x00000000000204ac        0x8 c:/intelfpga_lite/21.1/nios2eds/bin/gnu/h-x86_64-mingw32/bin/../lib/gcc/nios2-elf/10.3.1/../../../../../H-x86_64-mingw32/nios2-elf/lib/mno-hw-mul\libc.a(lib_a-findfp.o)
 .text.__sinit.part.0
                0x00000000000204b4      0x168 c:/intelfpga_lite/21.1/nios2eds/bin/gnu/h-x86_64-mingw32/bin/../lib/gcc/nios2-elf/10.3.1/../../../../../H-x86_64-mingw32/nios2-elf/lib/mno-hw-mul\libc.a(lib_a-findfp.o)
 .text.__sfmoreglue
                0x000000000002061c       0x78 c:/intelfpga_lite/21.1/nios2eds/bin/gnu/h-x86_64-mingw32/bin/../lib/gcc/nios2-elf/10.3.1/../../../../../H-x86_64-mingw32/nios2-elf/lib/mno-hw-mul\libc.a(lib_a-findfp.o)
                0x000000000002061c                __sfmoreglue
 .text.__sfp    0x0000000000020694      0x154 c:/intelfpga_lite/21.1/nios2eds/bin/gnu/h-x86_64-mingw32/bin/../lib/gcc/nios2-elf/10.3.1/../../../../../H-x86_64-mingw32/nios2-elf/lib/mno-hw-mul\libc.a(lib_a-findfp.o)
                0x0000000000020694                __sfp
 .text._cleanup
                0x00000000000207e8       0x14 c:/intelfpga_lite/21.1/nios2eds/bin/gnu/h-x86_64-mingw32/bin/../lib/gcc/nios2-elf/10.3.1/../../../../../H-x86_64-mingw32/nios2-elf/lib/mno-hw-mul\libc.a(lib_a-findfp.o)
                0x00000000000207e8                _cleanup
 .text.__sinit  0x00000000000207fc       0x10 c:/intelfpga_lite/21.1/nios2eds/bin/gnu/h-x86_64-mingw32/bin/../lib/gcc/nios2-elf/10.3.1/../../../../../H-x86_64-mingw32/nios2-elf/lib/mno-hw-mul\libc.a(lib_a-findfp.o)
                0x00000000000207fc                __sinit
 .text.__sfp_lock_acquire
                0x000000000002080c        0x4 c:/intelfpga_lite/21.1/nios2eds/bin/gnu/h-x86_64-mingw32/bin/../lib/gcc/nios2-elf/10.3.1/../../../../../H-x86_64-mingw32/nios2-elf/lib/mno-hw-mul\libc.a(lib_a-findfp.o)
                0x000000000002080c                __sfp_lock_acquire
 .text.__sfp_lock_release
                0x0000000000020810        0x4 c:/intelfpga_lite/21.1/nios2eds/bin/gnu/h-x86_64-mingw32/bin/../lib/gcc/nios2-elf/10.3.1/../../../../../H-x86_64-mingw32/nios2-elf/lib/mno-hw-mul\libc.a(lib_a-findfp.o)
                0x0000000000020810                __sfp_lock_release
 .text.__sinit_lock_acquire
                0x0000000000020814        0x4 c:/intelfpga_lite/21.1/nios2eds/bin/gnu/h-x86_64-mingw32/bin/../lib/gcc/nios2-elf/10.3.1/../../../../../H-x86_64-mingw32/nios2-elf/lib/mno-hw-mul\libc.a(lib_a-findfp.o)
                0x0000000000020814                __sinit_lock_acquire
 .text.__sinit_lock_release
                0x0000000000020818        0x4 c:/intelfpga_lite/21.1/nios2eds/bin/gnu/h-x86_64-mingw32/bin/../lib/gcc/nios2-elf/10.3.1/../../../../../H-x86_64-mingw32/nios2-elf/lib/mno-hw-mul\libc.a(lib_a-findfp.o)
                0x0000000000020818                __sinit_lock_release
 .text.__fp_lock_all
                0x000000000002081c       0x14 c:/intelfpga_lite/21.1/nios2eds/bin/gnu/h-x86_64-mingw32/bin/../lib/gcc/nios2-elf/10.3.1/../../../../../H-x86_64-mingw32/nios2-elf/lib/mno-hw-mul\libc.a(lib_a-findfp.o)
                0x000000000002081c                __fp_lock_all
 .text.__fp_unlock_all
                0x0000000000020830       0x14 c:/intelfpga_lite/21.1/nios2eds/bin/gnu/h-x86_64-mingw32/bin/../lib/gcc/nios2-elf/10.3.1/../../../../../H-x86_64-mingw32/nios2-elf/lib/mno-hw-mul\libc.a(lib_a-findfp.o)
                0x0000000000020830                __fp_unlock_all
 .text          0x0000000000020844        0x0 c:/intelfpga_lite/21.1/nios2eds/bin/gnu/h-x86_64-mingw32/bin/../lib/gcc/nios2-elf/10.3.1/../../../../../H-x86_64-mingw32/nios2-elf/lib/mno-hw-mul\libc.a(lib_a-fvwrite.o)
 .text.__sfvwrite_r
                0x0000000000020844      0x494 c:/intelfpga_lite/21.1/nios2eds/bin/gnu/h-x86_64-mingw32/bin/../lib/gcc/nios2-elf/10.3.1/../../../../../H-x86_64-mingw32/nios2-elf/lib/mno-hw-mul\libc.a(lib_a-fvwrite.o)
                0x0000000000020844                __sfvwrite_r
 .text          0x0000000000020cd8        0x0 c:/intelfpga_lite/21.1/nios2eds/bin/gnu/h-x86_64-mingw32/bin/../lib/gcc/nios2-elf/10.3.1/../../../../../H-x86_64-mingw32/nios2-elf/lib/mno-hw-mul\libc.a(lib_a-fwalk.o)
 .text._fwalk   0x0000000000020cd8       0x98 c:/intelfpga_lite/21.1/nios2eds/bin/gnu/h-x86_64-mingw32/bin/../lib/gcc/nios2-elf/10.3.1/../../../../../H-x86_64-mingw32/nios2-elf/lib/mno-hw-mul\libc.a(lib_a-fwalk.o)
                0x0000000000020cd8                _fwalk
 .text._fwalk_reent
                0x0000000000020d70       0xa8 c:/intelfpga_lite/21.1/nios2eds/bin/gnu/h-x86_64-mingw32/bin/../lib/gcc/nios2-elf/10.3.1/../../../../../H-x86_64-mingw32/nios2-elf/lib/mno-hw-mul\libc.a(lib_a-fwalk.o)
                0x0000000000020d70                _fwalk_reent
 .text          0x0000000000020e18        0x0 c:/intelfpga_lite/21.1/nios2eds/bin/gnu/h-x86_64-mingw32/bin/../lib/gcc/nios2-elf/10.3.1/../../../../../H-x86_64-mingw32/nios2-elf/lib/mno-hw-mul\libc.a(lib_a-impure.o)
 .text          0x0000000000020e18        0x0 c:/intelfpga_lite/21.1/nios2eds/bin/gnu/h-x86_64-mingw32/bin/../lib/gcc/nios2-elf/10.3.1/../../../../../H-x86_64-mingw32/nios2-elf/lib/mno-hw-mul\libc.a(lib_a-mallocr.o)
 .text._malloc_r
                0x0000000000020e18      0x7e0 c:/intelfpga_lite/21.1/nios2eds/bin/gnu/h-x86_64-mingw32/bin/../lib/gcc/nios2-elf/10.3.1/../../../../../H-x86_64-mingw32/nios2-elf/lib/mno-hw-mul\libc.a(lib_a-mallocr.o)
                0x0000000000020e18                _malloc_r
 .text          0x00000000000215f8        0x0 c:/intelfpga_lite/21.1/nios2eds/bin/gnu/h-x86_64-mingw32/bin/../lib/gcc/nios2-elf/10.3.1/../../../../../H-x86_64-mingw32/nios2-elf/lib/mno-hw-mul\libc.a(lib_a-memchr.o)
 .text.memchr   0x00000000000215f8       0xd0 c:/intelfpga_lite/21.1/nios2eds/bin/gnu/h-x86_64-mingw32/bin/../lib/gcc/nios2-elf/10.3.1/../../../../../H-x86_64-mingw32/nios2-elf/lib/mno-hw-mul\libc.a(lib_a-memchr.o)
                0x00000000000215f8                memchr
 .text          0x00000000000216c8        0x0 c:/intelfpga_lite/21.1/nios2eds/bin/gnu/h-x86_64-mingw32/bin/../lib/gcc/nios2-elf/10.3.1/../../../../../H-x86_64-mingw32/nios2-elf/lib/mno-hw-mul\libc.a(lib_a-memcpy.o)
 .text.memcpy   0x00000000000216c8      0x100 c:/intelfpga_lite/21.1/nios2eds/bin/gnu/h-x86_64-mingw32/bin/../lib/gcc/nios2-elf/10.3.1/../../../../../H-x86_64-mingw32/nios2-elf/lib/mno-hw-mul\libc.a(lib_a-memcpy.o)
                0x00000000000216c8                memcpy
 .text          0x00000000000217c8        0x0 c:/intelfpga_lite/21.1/nios2eds/bin/gnu/h-x86_64-mingw32/bin/../lib/gcc/nios2-elf/10.3.1/../../../../../H-x86_64-mingw32/nios2-elf/lib/mno-hw-mul\libc.a(lib_a-memmove.o)
 .text.memmove  0x00000000000217c8      0x12c c:/intelfpga_lite/21.1/nios2eds/bin/gnu/h-x86_64-mingw32/bin/../lib/gcc/nios2-elf/10.3.1/../../../../../H-x86_64-mingw32/nios2-elf/lib/mno-hw-mul\libc.a(lib_a-memmove.o)
                0x00000000000217c8                memmove
 .text          0x00000000000218f4        0x0 c:/intelfpga_lite/21.1/nios2eds/bin/gnu/h-x86_64-mingw32/bin/../lib/gcc/nios2-elf/10.3.1/../../../../../H-x86_64-mingw32/nios2-elf/lib/mno-hw-mul\libc.a(lib_a-memset.o)
 .text.memset   0x00000000000218f4       0xf0 c:/intelfpga_lite/21.1/nios2eds/bin/gnu/h-x86_64-mingw32/bin/../lib/gcc/nios2-elf/10.3.1/../../../../../H-x86_64-mingw32/nios2-elf/lib/mno-hw-mul\libc.a(lib_a-memset.o)
                0x00000000000218f4                memset
 .text          0x00000000000219e4        0x0 c:/intelfpga_lite/21.1/nios2eds/bin/gnu/h-x86_64-mingw32/bin/../lib/gcc/nios2-elf/10.3.1/../../../../../H-x86_64-mingw32/nios2-elf/lib/mno-hw-mul\libc.a(lib_a-reallocr.o)
 .text._realloc_r
                0x00000000000219e4      0x53c c:/intelfpga_lite/21.1/nios2eds/bin/gnu/h-x86_64-mingw32/bin/../lib/gcc/nios2-elf/10.3.1/../../../../../H-x86_64-mingw32/nios2-elf/lib/mno-hw-mul\libc.a(lib_a-reallocr.o)
                0x00000000000219e4                _realloc_r
 .text          0x0000000000021f20        0x0 c:/intelfpga_lite/21.1/nios2eds/bin/gnu/h-x86_64-mingw32/bin/../lib/gcc/nios2-elf/10.3.1/../../../../../H-x86_64-mingw32/nios2-elf/lib/mno-hw-mul\libc.a(lib_a-sbrkr.o)
 .text._sbrk_r  0x0000000000021f20       0x58 c:/intelfpga_lite/21.1/nios2eds/bin/gnu/h-x86_64-mingw32/bin/../lib/gcc/nios2-elf/10.3.1/../../../../../H-x86_64-mingw32/nios2-elf/lib/mno-hw-mul\libc.a(lib_a-sbrkr.o)
                0x0000000000021f20                _sbrk_r
 .text          0x0000000000021f78        0x0 c:/intelfpga_lite/21.1/nios2eds/bin/gnu/h-x86_64-mingw32/bin/../lib/gcc/nios2-elf/10.3.1/../../../../../H-x86_64-mingw32/nios2-elf/lib/mno-hw-mul\libc.a(lib_a-stdio.o)
 .text.__sread  0x0000000000021f78       0x54 c:/intelfpga_lite/21.1/nios2eds/bin/gnu/h-x86_64-mingw32/bin/../lib/gcc/nios2-elf/10.3.1/../../../../../H-x86_64-mingw32/nios2-elf/lib/mno-hw-mul\libc.a(lib_a-stdio.o)
                0x0000000000021f78                __sread
 .text.__seofread
                0x0000000000021fcc        0x8 c:/intelfpga_lite/21.1/nios2eds/bin/gnu/h-x86_64-mingw32/bin/../lib/gcc/nios2-elf/10.3.1/../../../../../H-x86_64-mingw32/nios2-elf/lib/mno-hw-mul\libc.a(lib_a-stdio.o)
                0x0000000000021fcc                __seofread
 .text.__swrite
                0x0000000000021fd4       0x80 c:/intelfpga_lite/21.1/nios2eds/bin/gnu/h-x86_64-mingw32/bin/../lib/gcc/nios2-elf/10.3.1/../../../../../H-x86_64-mingw32/nios2-elf/lib/mno-hw-mul\libc.a(lib_a-stdio.o)
                0x0000000000021fd4                __swrite
 .text.__sseek  0x0000000000022054       0x5c c:/intelfpga_lite/21.1/nios2eds/bin/gnu/h-x86_64-mingw32/bin/../lib/gcc/nios2-elf/10.3.1/../../../../../H-x86_64-mingw32/nios2-elf/lib/mno-hw-mul\libc.a(lib_a-stdio.o)
                0x0000000000022054                __sseek
 .text.__sclose
                0x00000000000220b0        0x8 c:/intelfpga_lite/21.1/nios2eds/bin/gnu/h-x86_64-mingw32/bin/../lib/gcc/nios2-elf/10.3.1/../../../../../H-x86_64-mingw32/nios2-elf/lib/mno-hw-mul\libc.a(lib_a-stdio.o)
                0x00000000000220b0                __sclose
 .text          0x00000000000220b8        0x0 c:/intelfpga_lite/21.1/nios2eds/bin/gnu/h-x86_64-mingw32/bin/../lib/gcc/nios2-elf/10.3.1/../../../../../H-x86_64-mingw32/nios2-elf/lib/mno-hw-mul\libc.a(lib_a-writer.o)
 .text._write_r
                0x00000000000220b8       0x64 c:/intelfpga_lite/21.1/nios2eds/bin/gnu/h-x86_64-mingw32/bin/../lib/gcc/nios2-elf/10.3.1/../../../../../H-x86_64-mingw32/nios2-elf/lib/mno-hw-mul\libc.a(lib_a-writer.o)
                0x00000000000220b8                _write_r
 .text          0x000000000002211c        0x0 c:/intelfpga_lite/21.1/nios2eds/bin/gnu/h-x86_64-mingw32/bin/../lib/gcc/nios2-elf/10.3.1/../../../../../H-x86_64-mingw32/nios2-elf/lib/mno-hw-mul\libc.a(lib_a-wsetup.o)
 .text.__swsetup_r
                0x000000000002211c      0x164 c:/intelfpga_lite/21.1/nios2eds/bin/gnu/h-x86_64-mingw32/bin/../lib/gcc/nios2-elf/10.3.1/../../../../../H-x86_64-mingw32/nios2-elf/lib/mno-hw-mul\libc.a(lib_a-wsetup.o)
                0x000000000002211c                __swsetup_r
 .text          0x0000000000022280        0x0 c:/intelfpga_lite/21.1/nios2eds/bin/gnu/h-x86_64-mingw32/bin/../lib/gcc/nios2-elf/10.3.1/../../../../../H-x86_64-mingw32/nios2-elf/lib/mno-hw-mul\libc.a(closer.o)
 .text._close_r
                0x0000000000022280       0x58 c:/intelfpga_lite/21.1/nios2eds/bin/gnu/h-x86_64-mingw32/bin/../lib/gcc/nios2-elf/10.3.1/../../../../../H-x86_64-mingw32/nios2-elf/lib/mno-hw-mul\libc.a(closer.o)
                0x0000000000022280                _close_r
 .text          0x00000000000222d8        0x0 c:/intelfpga_lite/21.1/nios2eds/bin/gnu/h-x86_64-mingw32/bin/../lib/gcc/nios2-elf/10.3.1/../../../../../H-x86_64-mingw32/nios2-elf/lib/mno-hw-mul\libc.a(lib_a-fclose.o)
 .text._fclose_r.part.0
                0x00000000000222d8       0xc0 c:/intelfpga_lite/21.1/nios2eds/bin/gnu/h-x86_64-mingw32/bin/../lib/gcc/nios2-elf/10.3.1/../../../../../H-x86_64-mingw32/nios2-elf/lib/mno-hw-mul\libc.a(lib_a-fclose.o)
 .text._fclose_r
                0x0000000000022398       0x70 c:/intelfpga_lite/21.1/nios2eds/bin/gnu/h-x86_64-mingw32/bin/../lib/gcc/nios2-elf/10.3.1/../../../../../H-x86_64-mingw32/nios2-elf/lib/mno-hw-mul\libc.a(lib_a-fclose.o)
                0x0000000000022398                _fclose_r
 .text.fclose   0x0000000000022408       0x70 c:/intelfpga_lite/21.1/nios2eds/bin/gnu/h-x86_64-mingw32/bin/../lib/gcc/nios2-elf/10.3.1/../../../../../H-x86_64-mingw32/nios2-elf/lib/mno-hw-mul\libc.a(lib_a-fclose.o)
                0x0000000000022408                fclose
 .text          0x0000000000022478        0x0 c:/intelfpga_lite/21.1/nios2eds/bin/gnu/h-x86_64-mingw32/bin/../lib/gcc/nios2-elf/10.3.1/../../../../../H-x86_64-mingw32/nios2-elf/lib/mno-hw-mul\libc.a(lib_a-fflush.o)
 .text.__sflush_r
                0x0000000000022478      0x228 c:/intelfpga_lite/21.1/nios2eds/bin/gnu/h-x86_64-mingw32/bin/../lib/gcc/nios2-elf/10.3.1/../../../../../H-x86_64-mingw32/nios2-elf/lib/mno-hw-mul\libc.a(lib_a-fflush.o)
                0x0000000000022478                __sflush_r
 .text._fflush_r
                0x00000000000226a0       0x60 c:/intelfpga_lite/21.1/nios2eds/bin/gnu/h-x86_64-mingw32/bin/../lib/gcc/nios2-elf/10.3.1/../../../../../H-x86_64-mingw32/nios2-elf/lib/mno-hw-mul\libc.a(lib_a-fflush.o)
                0x00000000000226a0                _fflush_r
 .text.fflush   0x0000000000022700       0x84 c:/intelfpga_lite/21.1/nios2eds/bin/gnu/h-x86_64-mingw32/bin/../lib/gcc/nios2-elf/10.3.1/../../../../../H-x86_64-mingw32/nios2-elf/lib/mno-hw-mul\libc.a(lib_a-fflush.o)
                0x0000000000022700                fflush
 .text          0x0000000000022784        0x0 c:/intelfpga_lite/21.1/nios2eds/bin/gnu/h-x86_64-mingw32/bin/../lib/gcc/nios2-elf/10.3.1/../../../../../H-x86_64-mingw32/nios2-elf/lib/mno-hw-mul\libc.a(lib_a-freer.o)
 .text._malloc_trim_r
                0x0000000000022784      0x11c c:/intelfpga_lite/21.1/nios2eds/bin/gnu/h-x86_64-mingw32/bin/../lib/gcc/nios2-elf/10.3.1/../../../../../H-x86_64-mingw32/nios2-elf/lib/mno-hw-mul\libc.a(lib_a-freer.o)
                0x0000000000022784                _malloc_trim_r
 .text._free_r  0x00000000000228a0      0x2fc c:/intelfpga_lite/21.1/nios2eds/bin/gnu/h-x86_64-mingw32/bin/../lib/gcc/nios2-elf/10.3.1/../../../../../H-x86_64-mingw32/nios2-elf/lib/mno-hw-mul\libc.a(lib_a-freer.o)
                0x00000000000228a0                _free_r
 .text          0x0000000000022b9c        0x0 c:/intelfpga_lite/21.1/nios2eds/bin/gnu/h-x86_64-mingw32/bin/../lib/gcc/nios2-elf/10.3.1/../../../../../H-x86_64-mingw32/nios2-elf/lib/mno-hw-mul\libc.a(lib_a-int_errno.o)
 .text          0x0000000000022b9c        0x0 c:/intelfpga_lite/21.1/nios2eds/bin/gnu/h-x86_64-mingw32/bin/../lib/gcc/nios2-elf/10.3.1/../../../../../H-x86_64-mingw32/nios2-elf/lib/mno-hw-mul\libc.a(lib_a-lseekr.o)
 .text._lseek_r
                0x0000000000022b9c       0x64 c:/intelfpga_lite/21.1/nios2eds/bin/gnu/h-x86_64-mingw32/bin/../lib/gcc/nios2-elf/10.3.1/../../../../../H-x86_64-mingw32/nios2-elf/lib/mno-hw-mul\libc.a(lib_a-lseekr.o)
                0x0000000000022b9c                _lseek_r
 .text          0x0000000000022c00        0x0 c:/intelfpga_lite/21.1/nios2eds/bin/gnu/h-x86_64-mingw32/bin/../lib/gcc/nios2-elf/10.3.1/../../../../../H-x86_64-mingw32/nios2-elf/lib/mno-hw-mul\libc.a(lib_a-makebuf.o)
 .text.__smakebuf_r
                0x0000000000022c00      0x1b0 c:/intelfpga_lite/21.1/nios2eds/bin/gnu/h-x86_64-mingw32/bin/../lib/gcc/nios2-elf/10.3.1/../../../../../H-x86_64-mingw32/nios2-elf/lib/mno-hw-mul\libc.a(lib_a-makebuf.o)
                0x0000000000022c00                __smakebuf_r
 .text.__swhatbuf_r
                0x0000000000022db0       0x98 c:/intelfpga_lite/21.1/nios2eds/bin/gnu/h-x86_64-mingw32/bin/../lib/gcc/nios2-elf/10.3.1/../../../../../H-x86_64-mingw32/nios2-elf/lib/mno-hw-mul\libc.a(lib_a-makebuf.o)
                0x0000000000022db0                __swhatbuf_r
 .text          0x0000000000022e48        0x0 c:/intelfpga_lite/21.1/nios2eds/bin/gnu/h-x86_64-mingw32/bin/../lib/gcc/nios2-elf/10.3.1/../../../../../H-x86_64-mingw32/nios2-elf/lib/mno-hw-mul\libc.a(lib_a-readr.o)
 .text._read_r  0x0000000000022e48       0x64 c:/intelfpga_lite/21.1/nios2eds/bin/gnu/h-x86_64-mingw32/bin/../lib/gcc/nios2-elf/10.3.1/../../../../../H-x86_64-mingw32/nios2-elf/lib/mno-hw-mul\libc.a(lib_a-readr.o)
                0x0000000000022e48                _read_r
 .text          0x0000000000022eac        0x0 c:/intelfpga_lite/21.1/nios2eds/bin/gnu/h-x86_64-mingw32/bin/../lib/gcc/nios2-elf/10.3.1/../../../../../H-x86_64-mingw32/nios2-elf/lib/mno-hw-mul\libc.a(lib_a-fstatr.o)
 .text._fstat_r
                0x0000000000022eac       0x60 c:/intelfpga_lite/21.1/nios2eds/bin/gnu/h-x86_64-mingw32/bin/../lib/gcc/nios2-elf/10.3.1/../../../../../H-x86_64-mingw32/nios2-elf/lib/mno-hw-mul\libc.a(lib_a-fstatr.o)
                0x0000000000022eac                _fstat_r
 .text          0x0000000000022f0c        0x0 c:/intelfpga_lite/21.1/nios2eds/bin/gnu/h-x86_64-mingw32/bin/../lib/gcc/nios2-elf/10.3.1/../../../../../H-x86_64-mingw32/nios2-elf/lib/mno-hw-mul\libc.a(lib_a-isattyr.o)
 .text._isatty_r
                0x0000000000022f0c       0x58 c:/intelfpga_lite/21.1/nios2eds/bin/gnu/h-x86_64-mingw32/bin/../lib/gcc/nios2-elf/10.3.1/../../../../../H-x86_64-mingw32/nios2-elf/lib/mno-hw-mul\libc.a(lib_a-isattyr.o)
                0x0000000000022f0c                _isatty_r
 .text          0x0000000000022f64      0x1b4 c:/intelfpga_lite/21.1/nios2eds/bin/gnu/h-x86_64-mingw32/bin/../lib/gcc/nios2-elf/10.3.1/mno-hw-mul\libgcc.a(lib2-divmod.o)
                0x0000000000022f64                __divsi3
                0x0000000000022fe4                __modsi3
                0x0000000000023058                __udivsi3
                0x00000000000230bc                __umodsi3
 .text          0x0000000000023118       0x28 c:/intelfpga_lite/21.1/nios2eds/bin/gnu/h-x86_64-mingw32/bin/../lib/gcc/nios2-elf/10.3.1/mno-hw-mul\libgcc.a(lib2-mul.o)
                0x0000000000023118                __mulsi3
 .text          0x0000000000023140      0x118 c:/Users/Robin/Documents/GitHub/Headbang-bot/headbang_bot/software/audio_bsp/\libhal_bsp.a(alt_close.o)
                0x000000000002317c                close
 .text          0x0000000000023258       0x2c c:/Users/Robin/Documents/GitHub/Headbang-bot/headbang_bot/software/audio_bsp/\libhal_bsp.a(alt_dev.o)
 .text          0x0000000000023284        0x0 c:/Users/Robin/Documents/GitHub/Headbang-bot/headbang_bot/software/audio_bsp/\libhal_bsp.a(alt_errno.o)
 .text          0x0000000000023284       0xf8 c:/Users/Robin/Documents/GitHub/Headbang-bot/headbang_bot/software/audio_bsp/\libhal_bsp.a(alt_fstat.o)
                0x00000000000232c0                fstat
 .text          0x000000000002337c       0xec c:/Users/Robin/Documents/GitHub/Headbang-bot/headbang_bot/software/audio_bsp/\libhal_bsp.a(alt_isatty.o)
                0x00000000000233b8                isatty
 .text          0x0000000000023468       0xec c:/Users/Robin/Documents/GitHub/Headbang-bot/headbang_bot/software/audio_bsp/\libhal_bsp.a(alt_load.o)
                0x00000000000234d0                alt_load
 .text          0x0000000000023554      0x11c c:/Users/Robin/Documents/GitHub/Headbang-bot/headbang_bot/software/audio_bsp/\libhal_bsp.a(alt_lseek.o)
                0x0000000000023590                lseek
 .text          0x0000000000023670       0x7c c:/Users/Robin/Documents/GitHub/Headbang-bot/headbang_bot/software/audio_bsp/\libhal_bsp.a(alt_main.o)
                0x0000000000023670                alt_main
 .text          0x00000000000236ec       0x48 c:/Users/Robin/Documents/GitHub/Headbang-bot/headbang_bot/software/audio_bsp/\libhal_bsp.a(alt_malloc_lock.o)
                0x00000000000236ec                __malloc_lock
                0x0000000000023710                __malloc_unlock
 .text          0x0000000000023734      0x144 c:/Users/Robin/Documents/GitHub/Headbang-bot/headbang_bot/software/audio_bsp/\libhal_bsp.a(alt_read.o)
                0x0000000000023770                read
 .text          0x0000000000023878       0x70 c:/Users/Robin/Documents/GitHub/Headbang-bot/headbang_bot/software/audio_bsp/\libhal_bsp.a(alt_release_fd.o)
                0x0000000000023878                alt_release_fd
 .text          0x00000000000238e8       0xb8 c:/Users/Robin/Documents/GitHub/Headbang-bot/headbang_bot/software/audio_bsp/\libhal_bsp.a(alt_sbrk.o)
                0x00000000000238e8                sbrk
 .text          0x00000000000239a0      0x140 c:/Users/Robin/Documents/GitHub/Headbang-bot/headbang_bot/software/audio_bsp/\libhal_bsp.a(alt_write.o)
                0x00000000000239dc                write
 .text          0x0000000000023ae0       0xc4 c:/Users/Robin/Documents/GitHub/Headbang-bot/headbang_bot/software/audio_bsp/\libhal_bsp.a(alt_sys_init.o)
                0x0000000000023b14                alt_irq_init
                0x0000000000023b50                alt_sys_init
 .text          0x0000000000023ba4      0x164 c:/Users/Robin/Documents/GitHub/Headbang-bot/headbang_bot/software/audio_bsp/\libhal_bsp.a(altera_avalon_jtag_uart_fd.o)
                0x0000000000023ba4                altera_avalon_jtag_uart_read_fd
                0x0000000000023c04                altera_avalon_jtag_uart_write_fd
                0x0000000000023c64                altera_avalon_jtag_uart_close_fd
                0x0000000000023cb4                altera_avalon_jtag_uart_ioctl_fd
 .text          0x0000000000023d08      0x3cc c:/Users/Robin/Documents/GitHub/Headbang-bot/headbang_bot/software/audio_bsp/\libhal_bsp.a(altera_avalon_jtag_uart_init.o)
                0x0000000000023d08                altera_avalon_jtag_uart_init
                0x000000000002406c                altera_avalon_jtag_uart_close
 .text          0x00000000000240d4       0xf4 c:/Users/Robin/Documents/GitHub/Headbang-bot/headbang_bot/software/audio_bsp/\libhal_bsp.a(altera_avalon_jtag_uart_ioctl.o)
                0x00000000000240d4                altera_avalon_jtag_uart_ioctl
 .text          0x00000000000241c8      0x220 c:/Users/Robin/Documents/GitHub/Headbang-bot/headbang_bot/software/audio_bsp/\libhal_bsp.a(altera_avalon_jtag_uart_read.o)
                0x00000000000241c8                altera_avalon_jtag_uart_read
 .text          0x00000000000243e8      0x228 c:/Users/Robin/Documents/GitHub/Headbang-bot/headbang_bot/software/audio_bsp/\libhal_bsp.a(altera_avalon_jtag_uart_write.o)
                0x00000000000243e8                altera_avalon_jtag_uart_write
 .text          0x0000000000024610      0x790 c:/Users/Robin/Documents/GitHub/Headbang-bot/headbang_bot/software/audio_bsp/\libhal_bsp.a(altera_up_avalon_audio.o)
                0x0000000000024610                alt_up_audio_open_dev
                0x000000000002464c                alt_up_audio_enable_read_interrupt
                0x00000000000246a0                alt_up_audio_disable_read_interrupt
                0x00000000000246f8                alt_up_audio_enable_write_interrupt
                0x000000000002474c                alt_up_audio_disable_write_interrupt
                0x00000000000247a4                alt_up_audio_read_interrupt_pending
                0x00000000000247e0                alt_up_audio_write_interrupt_pending
                0x000000000002481c                alt_up_audio_reset_audio_core
                0x00000000000248b0                alt_up_audio_read_fifo_avail
                0x0000000000024910                alt_up_audio_record_r
                0x0000000000024978                alt_up_audio_record_l
                0x00000000000249e0                alt_up_audio_write_fifo_space
                0x0000000000024a40                alt_up_audio_play_r
                0x0000000000024aa8                alt_up_audio_play_l
                0x0000000000024b10                alt_up_audio_read_fifo
                0x0000000000024bf0                alt_up_audio_write_fifo
                0x0000000000024ce8                alt_up_audio_read_fifo_head
                0x0000000000024d38                alt_up_audio_write_fifo_head
 .text          0x0000000000024da0      0x160 c:/Users/Robin/Documents/GitHub/Headbang-bot/headbang_bot/software/audio_bsp/\libhal_bsp.a(alt_alarm_start.o)
                0x0000000000024da0                alt_alarm_start
 .text          0x0000000000024f00       0x20 c:/Users/Robin/Documents/GitHub/Headbang-bot/headbang_bot/software/audio_bsp/\libhal_bsp.a(alt_dcache_flush_all.o)
                0x0000000000024f00                alt_dcache_flush_all
 .text          0x0000000000024f20       0xe4 c:/Users/Robin/Documents/GitHub/Headbang-bot/headbang_bot/software/audio_bsp/\libhal_bsp.a(alt_dev_llist_insert.o)
                0x0000000000024f5c                alt_dev_llist_insert
 .text          0x0000000000025004       0x64 c:/Users/Robin/Documents/GitHub/Headbang-bot/headbang_bot/software/audio_bsp/\libhal_bsp.a(alt_do_ctors.o)
                0x0000000000025004                _do_ctors
 .text          0x0000000000025068       0x64 c:/Users/Robin/Documents/GitHub/Headbang-bot/headbang_bot/software/audio_bsp/\libhal_bsp.a(alt_do_dtors.o)
                0x0000000000025068                _do_dtors
 .text          0x00000000000250cc       0x90 c:/Users/Robin/Documents/GitHub/Headbang-bot/headbang_bot/software/audio_bsp/\libhal_bsp.a(alt_find_dev.o)
                0x00000000000250cc                alt_find_dev
 .text          0x000000000002515c       0x20 c:/Users/Robin/Documents/GitHub/Headbang-bot/headbang_bot/software/audio_bsp/\libhal_bsp.a(alt_icache_flush_all.o)
                0x000000000002515c                alt_icache_flush_all
 .text          0x000000000002517c      0x150 c:/Users/Robin/Documents/GitHub/Headbang-bot/headbang_bot/software/audio_bsp/\libhal_bsp.a(alt_io_redirect.o)
                0x0000000000025250                alt_io_redirect
 .text          0x00000000000252cc      0x180 c:/Users/Robin/Documents/GitHub/Headbang-bot/headbang_bot/software/audio_bsp/\libhal_bsp.a(alt_irq_register.o)
                0x00000000000252cc                alt_irq_register
 .text          0x000000000002544c        0x0 c:/Users/Robin/Documents/GitHub/Headbang-bot/headbang_bot/software/audio_bsp/\libhal_bsp.a(alt_irq_vars.o)
 .text          0x000000000002544c      0x278 c:/Users/Robin/Documents/GitHub/Headbang-bot/headbang_bot/software/audio_bsp/\libhal_bsp.a(alt_open.o)
                0x0000000000025564                open
 .text          0x00000000000256c4      0x1d0 c:/Users/Robin/Documents/GitHub/Headbang-bot/headbang_bot/software/audio_bsp/\libhal_bsp.a(alt_tick.o)
                0x00000000000256c4                alt_alarm_stop
                0x0000000000025768                alt_tick
 .text          0x0000000000025894       0x24 c:/Users/Robin/Documents/GitHub/Headbang-bot/headbang_bot/software/audio_bsp/\libhal_bsp.a(altera_nios2_gen2_irq.o)
                0x0000000000025894                altera_nios2_gen2_irq_init
 .text          0x00000000000258b8      0x108 c:/Users/Robin/Documents/GitHub/Headbang-bot/headbang_bot/software/audio_bsp/\libhal_bsp.a(alt_find_file.o)
                0x00000000000258b8                alt_find_file
 .text          0x00000000000259c0       0xb8 c:/Users/Robin/Documents/GitHub/Headbang-bot/headbang_bot/software/audio_bsp/\libhal_bsp.a(alt_get_fd.o)
                0x00000000000259c0                alt_get_fd
 .text          0x0000000000025a78        0x0 c:/Users/Robin/Documents/GitHub/Headbang-bot/headbang_bot/software/audio_bsp/\libhal_bsp.a(alt_irq_entry.o)
 .text          0x0000000000025a78        0x0 c:/Users/Robin/Documents/GitHub/Headbang-bot/headbang_bot/software/audio_bsp/\libhal_bsp.a(alt_irq_handler.o)
 .text          0x0000000000025a78        0x0 c:/Users/Robin/Documents/GitHub/Headbang-bot/headbang_bot/software/audio_bsp/\libhal_bsp.a(alt_exception_entry.o)
 .text          0x0000000000025a78       0x98 c:/Users/Robin/Documents/GitHub/Headbang-bot/headbang_bot/software/audio_bsp/\libhal_bsp.a(alt_instruction_exception_entry.o)
                0x0000000000025a78                alt_exception_cause_generated_bad_addr
 .text          0x0000000000025b10        0x0 c:/intelfpga_lite/21.1/nios2eds/bin/gnu/h-x86_64-mingw32/bin/../lib/gcc/nios2-elf/10.3.1/../../../../../H-x86_64-mingw32/nios2-elf/lib/mno-hw-mul\libc.a(lib_a-atexit.o)
 .text.atexit   0x0000000000025b10       0x14 c:/intelfpga_lite/21.1/nios2eds/bin/gnu/h-x86_64-mingw32/bin/../lib/gcc/nios2-elf/10.3.1/../../../../../H-x86_64-mingw32/nios2-elf/lib/mno-hw-mul\libc.a(lib_a-atexit.o)
                0x0000000000025b10                atexit
 .text          0x0000000000025b24        0x0 c:/intelfpga_lite/21.1/nios2eds/bin/gnu/h-x86_64-mingw32/bin/../lib/gcc/nios2-elf/10.3.1/../../../../../H-x86_64-mingw32/nios2-elf/lib/mno-hw-mul\libc.a(lib_a-exit.o)
 .text.exit     0x0000000000025b24       0x34 c:/intelfpga_lite/21.1/nios2eds/bin/gnu/h-x86_64-mingw32/bin/../lib/gcc/nios2-elf/10.3.1/../../../../../H-x86_64-mingw32/nios2-elf/lib/mno-hw-mul\libc.a(lib_a-exit.o)
                0x0000000000025b24                exit
 .text          0x0000000000025b58        0x0 c:/intelfpga_lite/21.1/nios2eds/bin/gnu/h-x86_64-mingw32/bin/../lib/gcc/nios2-elf/10.3.1/../../../../../H-x86_64-mingw32/nios2-elf/lib/mno-hw-mul\libc.a(lib_a-memcmp.o)
 .text.memcmp   0x0000000000025b58       0x78 c:/intelfpga_lite/21.1/nios2eds/bin/gnu/h-x86_64-mingw32/bin/../lib/gcc/nios2-elf/10.3.1/../../../../../H-x86_64-mingw32/nios2-elf/lib/mno-hw-mul\libc.a(lib_a-memcmp.o)
                0x0000000000025b58                memcmp
 .text          0x0000000000025bd0        0x0 c:/intelfpga_lite/21.1/nios2eds/bin/gnu/h-x86_64-mingw32/bin/../lib/gcc/nios2-elf/10.3.1/../../../../../H-x86_64-mingw32/nios2-elf/lib/mno-hw-mul\libc.a(lib_a-__atexit.o)
 .text.__register_exitproc
                0x0000000000025bd0       0x90 c:/intelfpga_lite/21.1/nios2eds/bin/gnu/h-x86_64-mingw32/bin/../lib/gcc/nios2-elf/10.3.1/../../../../../H-x86_64-mingw32/nios2-elf/lib/mno-hw-mul\libc.a(lib_a-__atexit.o)
                0x0000000000025bd0                __register_exitproc
 .text          0x0000000000025c60        0x0 c:/intelfpga_lite/21.1/nios2eds/bin/gnu/h-x86_64-mingw32/bin/../lib/gcc/nios2-elf/10.3.1/../../../../../H-x86_64-mingw32/nios2-elf/lib/mno-hw-mul\libc.a(lib_a-__call_atexit.o)
 .text.__call_exitprocs
                0x0000000000025c60      0x120 c:/intelfpga_lite/21.1/nios2eds/bin/gnu/h-x86_64-mingw32/bin/../lib/gcc/nios2-elf/10.3.1/../../../../../H-x86_64-mingw32/nios2-elf/lib/mno-hw-mul\libc.a(lib_a-__call_atexit.o)
                0x0000000000025c60                __call_exitprocs
 .text          0x0000000000025d80       0x38 c:/Users/Robin/Documents/GitHub/Headbang-bot/headbang_bot/software/audio_bsp/\libhal_bsp.a(alt_exit.o)
                0x0000000000025d80                _exit
 *(.gnu.warning.*)
 *(.fini)
                [!provide]                        PROVIDE (__etext = ABSOLUTE (.))
                [!provide]                        PROVIDE (_etext = ABSOLUTE (.))
                [!provide]                        PROVIDE (etext = ABSOLUTE (.))
 *(.eh_frame_hdr)
                0x0000000000025db8                . = ALIGN (0x4)
                [!provide]                        PROVIDE (__preinit_array_start = ABSOLUTE (.))
 *(.preinit_array)
                [!provide]                        PROVIDE (__preinit_array_end = ABSOLUTE (.))
                [!provide]                        PROVIDE (__init_array_start = ABSOLUTE (.))
 *(.init_array)
                [!provide]                        PROVIDE (__init_array_end = ABSOLUTE (.))
                [!provide]                        PROVIDE (__fini_array_start = ABSOLUTE (.))
 *(.fini_array)
                [!provide]                        PROVIDE (__fini_array_end = ABSOLUTE (.))
 *(.eh_frame)
 *(.gcc_except_table .gcc_except_table.*)
 *(.dynamic)
                0x0000000000025db8                PROVIDE (__CTOR_LIST__ = ABSOLUTE (.))
 *(.ctors)
 *(SORT_BY_NAME(.ctors.*))
                0x0000000000025db8                PROVIDE (__CTOR_END__ = ABSOLUTE (.))
                0x0000000000025db8                PROVIDE (__DTOR_LIST__ = ABSOLUTE (.))
 *(.dtors)
 *(SORT_BY_NAME(.dtors.*))
                0x0000000000025db8                PROVIDE (__DTOR_END__ = ABSOLUTE (.))
 *(.jcr)
                0x0000000000025db8                . = ALIGN (0x4)

.rodata         0x0000000000025db8       0x84
                0x0000000000025db8                PROVIDE (__ram_rodata_start = ABSOLUTE (.))
                0x0000000000025db8                . = ALIGN (0x4)
 *(.rodata .rodata.* .gnu.linkonce.r.*)
 .rodata        0x0000000000025db8       0x45 obj/default/main.o
 *fill*         0x0000000000025dfd        0x3 
 .rodata._puts_r.str1.4
                0x0000000000025e00        0x2 c:/intelfpga_lite/21.1/nios2eds/bin/gnu/h-x86_64-mingw32/bin/../lib/gcc/nios2-elf/10.3.1/../../../../../H-x86_64-mingw32/nios2-elf/lib/mno-hw-mul\libc.a(lib_a-puts.o)
 *fill*         0x0000000000025e02        0x2 
 .rodata        0x0000000000025e04        0xa c:/Users/Robin/Documents/GitHub/Headbang-bot/headbang_bot/software/audio_bsp/\libhal_bsp.a(alt_dev.o)
 *fill*         0x0000000000025e0e        0x2 
 .rodata        0x0000000000025e10        0xf c:/Users/Robin/Documents/GitHub/Headbang-bot/headbang_bot/software/audio_bsp/\libhal_bsp.a(alt_main.o)
 *fill*         0x0000000000025e1f        0x1 
 .rodata        0x0000000000025e20       0x1b c:/Users/Robin/Documents/GitHub/Headbang-bot/headbang_bot/software/audio_bsp/\libhal_bsp.a(alt_sys_init.o)
 *(.rodata1)
                0x0000000000025e3c                . = ALIGN (0x4)
 *fill*         0x0000000000025e3b        0x1 
                0x0000000000025e3c                PROVIDE (__ram_rodata_end = ABSOLUTE (.))
                0x0000000000025db8                PROVIDE (__flash_rodata_start = LOADADDR (.rodata))

.rwdata         0x0000000000025e3c     0x1a9c load address 0x00000000000278d8
                0x0000000000025e3c                PROVIDE (__ram_rwdata_start = ABSOLUTE (.))
                0x0000000000025e3c                . = ALIGN (0x4)
 *(.got.plt)
 *(.got)
 *(.data1)
 *(.data .data.* .gnu.linkonce.d.*)
 .data          0x0000000000025e3c        0x0 c:/Users/Robin/Documents/GitHub/Headbang-bot/headbang_bot/software/audio_bsp//obj/HAL/src/crt0.o
 .data          0x0000000000025e3c        0x0 obj/default/main.o
 .data          0x0000000000025e3c        0x0 c:/intelfpga_lite/21.1/nios2eds/bin/gnu/h-x86_64-mingw32/bin/../lib/gcc/nios2-elf/10.3.1/../../../../../H-x86_64-mingw32/nios2-elf/lib/mno-hw-mul\libc.a(lib_a-puts.o)
 .data          0x0000000000025e3c        0x0 c:/intelfpga_lite/21.1/nios2eds/bin/gnu/h-x86_64-mingw32/bin/../lib/gcc/nios2-elf/10.3.1/../../../../../H-x86_64-mingw32/nios2-elf/lib/mno-hw-mul\libc.a(lib_a-strlen.o)
 .data          0x0000000000025e3c        0x0 c:/intelfpga_lite/21.1/nios2eds/bin/gnu/h-x86_64-mingw32/bin/../lib/gcc/nios2-elf/10.3.1/../../../../../H-x86_64-mingw32/nios2-elf/lib/mno-hw-mul\libc.a(lib_a-findfp.o)
 .data          0x0000000000025e3c        0x0 c:/intelfpga_lite/21.1/nios2eds/bin/gnu/h-x86_64-mingw32/bin/../lib/gcc/nios2-elf/10.3.1/../../../../../H-x86_64-mingw32/nios2-elf/lib/mno-hw-mul\libc.a(lib_a-fvwrite.o)
 .data          0x0000000000025e3c        0x0 c:/intelfpga_lite/21.1/nios2eds/bin/gnu/h-x86_64-mingw32/bin/../lib/gcc/nios2-elf/10.3.1/../../../../../H-x86_64-mingw32/nios2-elf/lib/mno-hw-mul\libc.a(lib_a-fwalk.o)
 .data          0x0000000000025e3c        0x0 c:/intelfpga_lite/21.1/nios2eds/bin/gnu/h-x86_64-mingw32/bin/../lib/gcc/nios2-elf/10.3.1/../../../../../H-x86_64-mingw32/nios2-elf/lib/mno-hw-mul\libc.a(lib_a-impure.o)
 .data.impure_data
                0x0000000000025e3c      0x424 c:/intelfpga_lite/21.1/nios2eds/bin/gnu/h-x86_64-mingw32/bin/../lib/gcc/nios2-elf/10.3.1/../../../../../H-x86_64-mingw32/nios2-elf/lib/mno-hw-mul\libc.a(lib_a-impure.o)
 .data          0x0000000000026260        0x0 c:/intelfpga_lite/21.1/nios2eds/bin/gnu/h-x86_64-mingw32/bin/../lib/gcc/nios2-elf/10.3.1/../../../../../H-x86_64-mingw32/nios2-elf/lib/mno-hw-mul\libc.a(lib_a-mallocr.o)
 .data.__malloc_av_
                0x0000000000026260      0x408 c:/intelfpga_lite/21.1/nios2eds/bin/gnu/h-x86_64-mingw32/bin/../lib/gcc/nios2-elf/10.3.1/../../../../../H-x86_64-mingw32/nios2-elf/lib/mno-hw-mul\libc.a(lib_a-mallocr.o)
                0x0000000000026260                __malloc_av_
 .data          0x0000000000026668        0x0 c:/intelfpga_lite/21.1/nios2eds/bin/gnu/h-x86_64-mingw32/bin/../lib/gcc/nios2-elf/10.3.1/../../../../../H-x86_64-mingw32/nios2-elf/lib/mno-hw-mul\libc.a(lib_a-memchr.o)
 .data          0x0000000000026668        0x0 c:/intelfpga_lite/21.1/nios2eds/bin/gnu/h-x86_64-mingw32/bin/../lib/gcc/nios2-elf/10.3.1/../../../../../H-x86_64-mingw32/nios2-elf/lib/mno-hw-mul\libc.a(lib_a-memcpy.o)
 .data          0x0000000000026668        0x0 c:/intelfpga_lite/21.1/nios2eds/bin/gnu/h-x86_64-mingw32/bin/../lib/gcc/nios2-elf/10.3.1/../../../../../H-x86_64-mingw32/nios2-elf/lib/mno-hw-mul\libc.a(lib_a-memmove.o)
 .data          0x0000000000026668        0x0 c:/intelfpga_lite/21.1/nios2eds/bin/gnu/h-x86_64-mingw32/bin/../lib/gcc/nios2-elf/10.3.1/../../../../../H-x86_64-mingw32/nios2-elf/lib/mno-hw-mul\libc.a(lib_a-memset.o)
 .data          0x0000000000026668        0x0 c:/intelfpga_lite/21.1/nios2eds/bin/gnu/h-x86_64-mingw32/bin/../lib/gcc/nios2-elf/10.3.1/../../../../../H-x86_64-mingw32/nios2-elf/lib/mno-hw-mul\libc.a(lib_a-reallocr.o)
 .data          0x0000000000026668        0x0 c:/intelfpga_lite/21.1/nios2eds/bin/gnu/h-x86_64-mingw32/bin/../lib/gcc/nios2-elf/10.3.1/../../../../../H-x86_64-mingw32/nios2-elf/lib/mno-hw-mul\libc.a(lib_a-sbrkr.o)
 .data          0x0000000000026668        0x0 c:/intelfpga_lite/21.1/nios2eds/bin/gnu/h-x86_64-mingw32/bin/../lib/gcc/nios2-elf/10.3.1/../../../../../H-x86_64-mingw32/nios2-elf/lib/mno-hw-mul\libc.a(lib_a-stdio.o)
 .data          0x0000000000026668        0x0 c:/intelfpga_lite/21.1/nios2eds/bin/gnu/h-x86_64-mingw32/bin/../lib/gcc/nios2-elf/10.3.1/../../../../../H-x86_64-mingw32/nios2-elf/lib/mno-hw-mul\libc.a(lib_a-writer.o)
 .data          0x0000000000026668        0x0 c:/intelfpga_lite/21.1/nios2eds/bin/gnu/h-x86_64-mingw32/bin/../lib/gcc/nios2-elf/10.3.1/../../../../../H-x86_64-mingw32/nios2-elf/lib/mno-hw-mul\libc.a(lib_a-wsetup.o)
 .data          0x0000000000026668        0x0 c:/intelfpga_lite/21.1/nios2eds/bin/gnu/h-x86_64-mingw32/bin/../lib/gcc/nios2-elf/10.3.1/../../../../../H-x86_64-mingw32/nios2-elf/lib/mno-hw-mul\libc.a(closer.o)
 .data          0x0000000000026668        0x0 c:/intelfpga_lite/21.1/nios2eds/bin/gnu/h-x86_64-mingw32/bin/../lib/gcc/nios2-elf/10.3.1/../../../../../H-x86_64-mingw32/nios2-elf/lib/mno-hw-mul\libc.a(lib_a-fclose.o)
 .data          0x0000000000026668        0x0 c:/intelfpga_lite/21.1/nios2eds/bin/gnu/h-x86_64-mingw32/bin/../lib/gcc/nios2-elf/10.3.1/../../../../../H-x86_64-mingw32/nios2-elf/lib/mno-hw-mul\libc.a(lib_a-fflush.o)
 .data          0x0000000000026668        0x0 c:/intelfpga_lite/21.1/nios2eds/bin/gnu/h-x86_64-mingw32/bin/../lib/gcc/nios2-elf/10.3.1/../../../../../H-x86_64-mingw32/nios2-elf/lib/mno-hw-mul\libc.a(lib_a-freer.o)
 .data          0x0000000000026668        0x0 c:/intelfpga_lite/21.1/nios2eds/bin/gnu/h-x86_64-mingw32/bin/../lib/gcc/nios2-elf/10.3.1/../../../../../H-x86_64-mingw32/nios2-elf/lib/mno-hw-mul\libc.a(lib_a-int_errno.o)
 .data          0x0000000000026668        0x0 c:/intelfpga_lite/21.1/nios2eds/bin/gnu/h-x86_64-mingw32/bin/../lib/gcc/nios2-elf/10.3.1/../../../../../H-x86_64-mingw32/nios2-elf/lib/mno-hw-mul\libc.a(lib_a-lseekr.o)
 .data          0x0000000000026668        0x0 c:/intelfpga_lite/21.1/nios2eds/bin/gnu/h-x86_64-mingw32/bin/../lib/gcc/nios2-elf/10.3.1/../../../../../H-x86_64-mingw32/nios2-elf/lib/mno-hw-mul\libc.a(lib_a-makebuf.o)
 .data          0x0000000000026668        0x0 c:/intelfpga_lite/21.1/nios2eds/bin/gnu/h-x86_64-mingw32/bin/../lib/gcc/nios2-elf/10.3.1/../../../../../H-x86_64-mingw32/nios2-elf/lib/mno-hw-mul\libc.a(lib_a-readr.o)
 .data          0x0000000000026668        0x0 c:/intelfpga_lite/21.1/nios2eds/bin/gnu/h-x86_64-mingw32/bin/../lib/gcc/nios2-elf/10.3.1/../../../../../H-x86_64-mingw32/nios2-elf/lib/mno-hw-mul\libc.a(lib_a-fstatr.o)
 .data          0x0000000000026668        0x0 c:/intelfpga_lite/21.1/nios2eds/bin/gnu/h-x86_64-mingw32/bin/../lib/gcc/nios2-elf/10.3.1/../../../../../H-x86_64-mingw32/nios2-elf/lib/mno-hw-mul\libc.a(lib_a-isattyr.o)
 .data          0x0000000000026668        0x0 c:/intelfpga_lite/21.1/nios2eds/bin/gnu/h-x86_64-mingw32/bin/../lib/gcc/nios2-elf/10.3.1/mno-hw-mul\libgcc.a(lib2-divmod.o)
 .data          0x0000000000026668        0x0 c:/intelfpga_lite/21.1/nios2eds/bin/gnu/h-x86_64-mingw32/bin/../lib/gcc/nios2-elf/10.3.1/mno-hw-mul\libgcc.a(lib2-mul.o)
 .data          0x0000000000026668        0x0 c:/Users/Robin/Documents/GitHub/Headbang-bot/headbang_bot/software/audio_bsp/\libhal_bsp.a(alt_close.o)
 .data          0x0000000000026668      0x1a8 c:/Users/Robin/Documents/GitHub/Headbang-bot/headbang_bot/software/audio_bsp/\libhal_bsp.a(alt_dev.o)
                0x0000000000026668                alt_dev_null
                0x0000000000026690                alt_fd_list
 .data          0x0000000000026810        0x0 c:/Users/Robin/Documents/GitHub/Headbang-bot/headbang_bot/software/audio_bsp/\libhal_bsp.a(alt_errno.o)
 .data          0x0000000000026810        0x0 c:/Users/Robin/Documents/GitHub/Headbang-bot/headbang_bot/software/audio_bsp/\libhal_bsp.a(alt_fstat.o)
 .data          0x0000000000026810        0x0 c:/Users/Robin/Documents/GitHub/Headbang-bot/headbang_bot/software/audio_bsp/\libhal_bsp.a(alt_isatty.o)
 .data          0x0000000000026810        0x0 c:/Users/Robin/Documents/GitHub/Headbang-bot/headbang_bot/software/audio_bsp/\libhal_bsp.a(alt_load.o)
 .data          0x0000000000026810        0x0 c:/Users/Robin/Documents/GitHub/Headbang-bot/headbang_bot/software/audio_bsp/\libhal_bsp.a(alt_lseek.o)
 .data          0x0000000000026810        0x0 c:/Users/Robin/Documents/GitHub/Headbang-bot/headbang_bot/software/audio_bsp/\libhal_bsp.a(alt_main.o)
 .data          0x0000000000026810        0x0 c:/Users/Robin/Documents/GitHub/Headbang-bot/headbang_bot/software/audio_bsp/\libhal_bsp.a(alt_malloc_lock.o)
 .data          0x0000000000026810        0x0 c:/Users/Robin/Documents/GitHub/Headbang-bot/headbang_bot/software/audio_bsp/\libhal_bsp.a(alt_read.o)
 .data          0x0000000000026810        0x0 c:/Users/Robin/Documents/GitHub/Headbang-bot/headbang_bot/software/audio_bsp/\libhal_bsp.a(alt_release_fd.o)
 .data          0x0000000000026810        0x0 c:/Users/Robin/Documents/GitHub/Headbang-bot/headbang_bot/software/audio_bsp/\libhal_bsp.a(alt_sbrk.o)
 .data          0x0000000000026810        0x0 c:/Users/Robin/Documents/GitHub/Headbang-bot/headbang_bot/software/audio_bsp/\libhal_bsp.a(alt_write.o)
 .data          0x0000000000026810     0x1090 c:/Users/Robin/Documents/GitHub/Headbang-bot/headbang_bot/software/audio_bsp/\libhal_bsp.a(alt_sys_init.o)
 .data          0x00000000000278a0        0x0 c:/Users/Robin/Documents/GitHub/Headbang-bot/headbang_bot/software/audio_bsp/\libhal_bsp.a(altera_avalon_jtag_uart_fd.o)
 .data          0x00000000000278a0        0x0 c:/Users/Robin/Documents/GitHub/Headbang-bot/headbang_bot/software/audio_bsp/\libhal_bsp.a(altera_avalon_jtag_uart_init.o)
 .data          0x00000000000278a0        0x0 c:/Users/Robin/Documents/GitHub/Headbang-bot/headbang_bot/software/audio_bsp/\libhal_bsp.a(altera_avalon_jtag_uart_ioctl.o)
 .data          0x00000000000278a0        0x0 c:/Users/Robin/Documents/GitHub/Headbang-bot/headbang_bot/software/audio_bsp/\libhal_bsp.a(altera_avalon_jtag_uart_read.o)
 .data          0x00000000000278a0        0x0 c:/Users/Robin/Documents/GitHub/Headbang-bot/headbang_bot/software/audio_bsp/\libhal_bsp.a(altera_avalon_jtag_uart_write.o)
 .data          0x00000000000278a0        0x0 c:/Users/Robin/Documents/GitHub/Headbang-bot/headbang_bot/software/audio_bsp/\libhal_bsp.a(altera_up_avalon_audio.o)
 .data          0x00000000000278a0        0x0 c:/Users/Robin/Documents/GitHub/Headbang-bot/headbang_bot/software/audio_bsp/\libhal_bsp.a(alt_alarm_start.o)
 .data          0x00000000000278a0        0x0 c:/Users/Robin/Documents/GitHub/Headbang-bot/headbang_bot/software/audio_bsp/\libhal_bsp.a(alt_dcache_flush_all.o)
 .data          0x00000000000278a0        0x0 c:/Users/Robin/Documents/GitHub/Headbang-bot/headbang_bot/software/audio_bsp/\libhal_bsp.a(alt_dev_llist_insert.o)
 .data          0x00000000000278a0        0x0 c:/Users/Robin/Documents/GitHub/Headbang-bot/headbang_bot/software/audio_bsp/\libhal_bsp.a(alt_do_ctors.o)
 .data          0x00000000000278a0        0x0 c:/Users/Robin/Documents/GitHub/Headbang-bot/headbang_bot/software/audio_bsp/\libhal_bsp.a(alt_do_dtors.o)
 .data          0x00000000000278a0        0x0 c:/Users/Robin/Documents/GitHub/Headbang-bot/headbang_bot/software/audio_bsp/\libhal_bsp.a(alt_find_dev.o)
 .data          0x00000000000278a0        0x0 c:/Users/Robin/Documents/GitHub/Headbang-bot/headbang_bot/software/audio_bsp/\libhal_bsp.a(alt_icache_flush_all.o)
 .data          0x00000000000278a0        0x0 c:/Users/Robin/Documents/GitHub/Headbang-bot/headbang_bot/software/audio_bsp/\libhal_bsp.a(alt_io_redirect.o)
 .data          0x00000000000278a0        0x0 c:/Users/Robin/Documents/GitHub/Headbang-bot/headbang_bot/software/audio_bsp/\libhal_bsp.a(alt_irq_register.o)
 .data          0x00000000000278a0        0x0 c:/Users/Robin/Documents/GitHub/Headbang-bot/headbang_bot/software/audio_bsp/\libhal_bsp.a(alt_irq_vars.o)
 .data          0x00000000000278a0        0x0 c:/Users/Robin/Documents/GitHub/Headbang-bot/headbang_bot/software/audio_bsp/\libhal_bsp.a(alt_open.o)
 .data          0x00000000000278a0        0x0 c:/Users/Robin/Documents/GitHub/Headbang-bot/headbang_bot/software/audio_bsp/\libhal_bsp.a(alt_tick.o)
 .data          0x00000000000278a0        0x0 c:/Users/Robin/Documents/GitHub/Headbang-bot/headbang_bot/software/audio_bsp/\libhal_bsp.a(altera_nios2_gen2_irq.o)
 .data          0x00000000000278a0        0x0 c:/Users/Robin/Documents/GitHub/Headbang-bot/headbang_bot/software/audio_bsp/\libhal_bsp.a(alt_find_file.o)
 .data          0x00000000000278a0        0x0 c:/Users/Robin/Documents/GitHub/Headbang-bot/headbang_bot/software/audio_bsp/\libhal_bsp.a(alt_get_fd.o)
 .data          0x00000000000278a0        0x0 c:/Users/Robin/Documents/GitHub/Headbang-bot/headbang_bot/software/audio_bsp/\libhal_bsp.a(alt_irq_entry.o)
 .data          0x00000000000278a0        0x0 c:/Users/Robin/Documents/GitHub/Headbang-bot/headbang_bot/software/audio_bsp/\libhal_bsp.a(alt_irq_handler.o)
 .data          0x00000000000278a0        0x0 c:/Users/Robin/Documents/GitHub/Headbang-bot/headbang_bot/software/audio_bsp/\libhal_bsp.a(alt_exception_entry.o)
 .data          0x00000000000278a0        0x0 c:/Users/Robin/Documents/GitHub/Headbang-bot/headbang_bot/software/audio_bsp/\libhal_bsp.a(alt_instruction_exception_entry.o)
 .data          0x00000000000278a0        0x0 c:/intelfpga_lite/21.1/nios2eds/bin/gnu/h-x86_64-mingw32/bin/../lib/gcc/nios2-elf/10.3.1/../../../../../H-x86_64-mingw32/nios2-elf/lib/mno-hw-mul\libc.a(lib_a-atexit.o)
 .data          0x00000000000278a0        0x0 c:/intelfpga_lite/21.1/nios2eds/bin/gnu/h-x86_64-mingw32/bin/../lib/gcc/nios2-elf/10.3.1/../../../../../H-x86_64-mingw32/nios2-elf/lib/mno-hw-mul\libc.a(lib_a-exit.o)
 .data          0x00000000000278a0        0x0 c:/intelfpga_lite/21.1/nios2eds/bin/gnu/h-x86_64-mingw32/bin/../lib/gcc/nios2-elf/10.3.1/../../../../../H-x86_64-mingw32/nios2-elf/lib/mno-hw-mul\libc.a(lib_a-memcmp.o)
 .data          0x00000000000278a0        0x0 c:/intelfpga_lite/21.1/nios2eds/bin/gnu/h-x86_64-mingw32/bin/../lib/gcc/nios2-elf/10.3.1/../../../../../H-x86_64-mingw32/nios2-elf/lib/mno-hw-mul\libc.a(lib_a-__atexit.o)
 .data          0x00000000000278a0        0x0 c:/intelfpga_lite/21.1/nios2eds/bin/gnu/h-x86_64-mingw32/bin/../lib/gcc/nios2-elf/10.3.1/../../../../../H-x86_64-mingw32/nios2-elf/lib/mno-hw-mul\libc.a(lib_a-__call_atexit.o)
 .data          0x00000000000278a0        0x0 c:/Users/Robin/Documents/GitHub/Headbang-bot/headbang_bot/software/audio_bsp/\libhal_bsp.a(alt_exit.o)
                0x000000000002f8a0                _gp = ABSOLUTE ((. + 0x8000))
                [!provide]                        PROVIDE (gp = _gp)
 *(.rwdata .rwdata.*)
 *(.sdata .sdata.* .gnu.linkonce.s.*)
 .sdata._global_impure_ptr
                0x00000000000278a0        0x4 c:/intelfpga_lite/21.1/nios2eds/bin/gnu/h-x86_64-mingw32/bin/../lib/gcc/nios2-elf/10.3.1/../../../../../H-x86_64-mingw32/nios2-elf/lib/mno-hw-mul\libc.a(lib_a-impure.o)
                0x00000000000278a0                _global_impure_ptr
 .sdata._impure_ptr
                0x00000000000278a4        0x4 c:/intelfpga_lite/21.1/nios2eds/bin/gnu/h-x86_64-mingw32/bin/../lib/gcc/nios2-elf/10.3.1/../../../../../H-x86_64-mingw32/nios2-elf/lib/mno-hw-mul\libc.a(lib_a-impure.o)
                0x00000000000278a4                _impure_ptr
 .sdata.__malloc_sbrk_base
                0x00000000000278a8        0x4 c:/intelfpga_lite/21.1/nios2eds/bin/gnu/h-x86_64-mingw32/bin/../lib/gcc/nios2-elf/10.3.1/../../../../../H-x86_64-mingw32/nios2-elf/lib/mno-hw-mul\libc.a(lib_a-mallocr.o)
                0x00000000000278a8                __malloc_sbrk_base
 .sdata.__malloc_trim_threshold
                0x00000000000278ac        0x4 c:/intelfpga_lite/21.1/nios2eds/bin/gnu/h-x86_64-mingw32/bin/../lib/gcc/nios2-elf/10.3.1/../../../../../H-x86_64-mingw32/nios2-elf/lib/mno-hw-mul\libc.a(lib_a-mallocr.o)
                0x00000000000278ac                __malloc_trim_threshold
 .sdata         0x00000000000278b0       0x14 c:/Users/Robin/Documents/GitHub/Headbang-bot/headbang_bot/software/audio_bsp/\libhal_bsp.a(alt_dev.o)
                0x00000000000278b0                alt_fs_list
                0x00000000000278b8                alt_dev_list
                0x00000000000278c0                alt_max_fd
 .sdata         0x00000000000278c4        0x4 c:/Users/Robin/Documents/GitHub/Headbang-bot/headbang_bot/software/audio_bsp/\libhal_bsp.a(alt_errno.o)
                0x00000000000278c4                alt_errno
 .sdata         0x00000000000278c8        0x4 c:/Users/Robin/Documents/GitHub/Headbang-bot/headbang_bot/software/audio_bsp/\libhal_bsp.a(alt_sbrk.o)
 .sdata         0x00000000000278cc        0x4 c:/Users/Robin/Documents/GitHub/Headbang-bot/headbang_bot/software/audio_bsp/\libhal_bsp.a(alt_irq_vars.o)
                0x00000000000278cc                alt_priority_mask
 .sdata         0x00000000000278d0        0x8 c:/Users/Robin/Documents/GitHub/Headbang-bot/headbang_bot/software/audio_bsp/\libhal_bsp.a(alt_tick.o)
                0x00000000000278d0                alt_alarm_list
 *(.sdata2 .sdata2.* .gnu.linkonce.s2.*)
                0x00000000000278d8                . = ALIGN (0x4)
                0x00000000000278d8                _edata = ABSOLUTE (.)
                [!provide]                        PROVIDE (edata = ABSOLUTE (.))
                0x00000000000278d8                PROVIDE (__ram_rwdata_end = ABSOLUTE (.))
                0x00000000000278d8                PROVIDE (__flash_rwdata_start = LOADADDR (.rwdata))

.bss            0x0000000000029374      0x158
                0x0000000000029374                __bss_start = ABSOLUTE (.)
                [!provide]                        PROVIDE (__sbss_start = ABSOLUTE (.))
                [!provide]                        PROVIDE (___sbss_start = ABSOLUTE (.))
 *(.dynsbss)
 *(.sbss .sbss.* .gnu.linkonce.sb.*)
 .sbss.__malloc_max_total_mem
                0x0000000000029374        0x4 c:/intelfpga_lite/21.1/nios2eds/bin/gnu/h-x86_64-mingw32/bin/../lib/gcc/nios2-elf/10.3.1/../../../../../H-x86_64-mingw32/nios2-elf/lib/mno-hw-mul\libc.a(lib_a-mallocr.o)
                0x0000000000029374                __malloc_max_total_mem
 .sbss.__malloc_max_sbrked_mem
                0x0000000000029378        0x4 c:/intelfpga_lite/21.1/nios2eds/bin/gnu/h-x86_64-mingw32/bin/../lib/gcc/nios2-elf/10.3.1/../../../../../H-x86_64-mingw32/nios2-elf/lib/mno-hw-mul\libc.a(lib_a-mallocr.o)
                0x0000000000029378                __malloc_max_sbrked_mem
 .sbss.__malloc_top_pad
                0x000000000002937c        0x4 c:/intelfpga_lite/21.1/nios2eds/bin/gnu/h-x86_64-mingw32/bin/../lib/gcc/nios2-elf/10.3.1/../../../../../H-x86_64-mingw32/nios2-elf/lib/mno-hw-mul\libc.a(lib_a-mallocr.o)
                0x000000000002937c                __malloc_top_pad
 .sbss.errno    0x0000000000029380        0x4 c:/intelfpga_lite/21.1/nios2eds/bin/gnu/h-x86_64-mingw32/bin/../lib/gcc/nios2-elf/10.3.1/../../../../../H-x86_64-mingw32/nios2-elf/lib/mno-hw-mul\libc.a(lib_a-int_errno.o)
                0x0000000000029380                errno
 .sbss          0x0000000000029384        0xc c:/Users/Robin/Documents/GitHub/Headbang-bot/headbang_bot/software/audio_bsp/\libhal_bsp.a(alt_main.o)
                0x0000000000029384                alt_argc
                0x0000000000029388                alt_argv
                0x000000000002938c                alt_envp
 .sbss          0x0000000000029390        0x4 c:/Users/Robin/Documents/GitHub/Headbang-bot/headbang_bot/software/audio_bsp/\libhal_bsp.a(alt_irq_vars.o)
                0x0000000000029390                alt_irq_active
 .sbss          0x0000000000029394        0xc c:/Users/Robin/Documents/GitHub/Headbang-bot/headbang_bot/software/audio_bsp/\libhal_bsp.a(alt_tick.o)
                0x0000000000029394                _alt_tick_rate
                0x0000000000029398                _alt_nticks
 .sbss          0x00000000000293a0        0x4 c:/Users/Robin/Documents/GitHub/Headbang-bot/headbang_bot/software/audio_bsp/\libhal_bsp.a(alt_instruction_exception_entry.o)
                0x00000000000293a0                alt_instruction_exception_handler
 *(.sbss2 .sbss2.* .gnu.linkonce.sb2.*)
 *(.scommon)
                [!provide]                        PROVIDE (__sbss_end = ABSOLUTE (.))
                [!provide]                        PROVIDE (___sbss_end = ABSOLUTE (.))
 *(.dynbss)
 *(.bss .bss.* .gnu.linkonce.b.*)
 .bss           0x00000000000293a4        0x0 c:/Users/Robin/Documents/GitHub/Headbang-bot/headbang_bot/software/audio_bsp//obj/HAL/src/crt0.o
 .bss           0x00000000000293a4        0x0 obj/default/main.o
 .bss           0x00000000000293a4        0x0 c:/intelfpga_lite/21.1/nios2eds/bin/gnu/h-x86_64-mingw32/bin/../lib/gcc/nios2-elf/10.3.1/../../../../../H-x86_64-mingw32/nios2-elf/lib/mno-hw-mul\libc.a(lib_a-puts.o)
 .bss           0x00000000000293a4        0x0 c:/intelfpga_lite/21.1/nios2eds/bin/gnu/h-x86_64-mingw32/bin/../lib/gcc/nios2-elf/10.3.1/../../../../../H-x86_64-mingw32/nios2-elf/lib/mno-hw-mul\libc.a(lib_a-strlen.o)
 .bss           0x00000000000293a4        0x0 c:/intelfpga_lite/21.1/nios2eds/bin/gnu/h-x86_64-mingw32/bin/../lib/gcc/nios2-elf/10.3.1/../../../../../H-x86_64-mingw32/nios2-elf/lib/mno-hw-mul\libc.a(lib_a-findfp.o)
 .bss           0x00000000000293a4        0x0 c:/intelfpga_lite/21.1/nios2eds/bin/gnu/h-x86_64-mingw32/bin/../lib/gcc/nios2-elf/10.3.1/../../../../../H-x86_64-mingw32/nios2-elf/lib/mno-hw-mul\libc.a(lib_a-fvwrite.o)
 .bss           0x00000000000293a4        0x0 c:/intelfpga_lite/21.1/nios2eds/bin/gnu/h-x86_64-mingw32/bin/../lib/gcc/nios2-elf/10.3.1/../../../../../H-x86_64-mingw32/nios2-elf/lib/mno-hw-mul\libc.a(lib_a-fwalk.o)
 .bss           0x00000000000293a4        0x0 c:/intelfpga_lite/21.1/nios2eds/bin/gnu/h-x86_64-mingw32/bin/../lib/gcc/nios2-elf/10.3.1/../../../../../H-x86_64-mingw32/nios2-elf/lib/mno-hw-mul\libc.a(lib_a-impure.o)
 .bss           0x00000000000293a4        0x0 c:/intelfpga_lite/21.1/nios2eds/bin/gnu/h-x86_64-mingw32/bin/../lib/gcc/nios2-elf/10.3.1/../../../../../H-x86_64-mingw32/nios2-elf/lib/mno-hw-mul\libc.a(lib_a-mallocr.o)
 .bss.__malloc_current_mallinfo
                0x00000000000293a4       0x28 c:/intelfpga_lite/21.1/nios2eds/bin/gnu/h-x86_64-mingw32/bin/../lib/gcc/nios2-elf/10.3.1/../../../../../H-x86_64-mingw32/nios2-elf/lib/mno-hw-mul\libc.a(lib_a-mallocr.o)
                0x00000000000293a4                __malloc_current_mallinfo
 .bss           0x00000000000293cc        0x0 c:/intelfpga_lite/21.1/nios2eds/bin/gnu/h-x86_64-mingw32/bin/../lib/gcc/nios2-elf/10.3.1/../../../../../H-x86_64-mingw32/nios2-elf/lib/mno-hw-mul\libc.a(lib_a-memchr.o)
 .bss           0x00000000000293cc        0x0 c:/intelfpga_lite/21.1/nios2eds/bin/gnu/h-x86_64-mingw32/bin/../lib/gcc/nios2-elf/10.3.1/../../../../../H-x86_64-mingw32/nios2-elf/lib/mno-hw-mul\libc.a(lib_a-memcpy.o)
 .bss           0x00000000000293cc        0x0 c:/intelfpga_lite/21.1/nios2eds/bin/gnu/h-x86_64-mingw32/bin/../lib/gcc/nios2-elf/10.3.1/../../../../../H-x86_64-mingw32/nios2-elf/lib/mno-hw-mul\libc.a(lib_a-memmove.o)
 .bss           0x00000000000293cc        0x0 c:/intelfpga_lite/21.1/nios2eds/bin/gnu/h-x86_64-mingw32/bin/../lib/gcc/nios2-elf/10.3.1/../../../../../H-x86_64-mingw32/nios2-elf/lib/mno-hw-mul\libc.a(lib_a-memset.o)
 .bss           0x00000000000293cc        0x0 c:/intelfpga_lite/21.1/nios2eds/bin/gnu/h-x86_64-mingw32/bin/../lib/gcc/nios2-elf/10.3.1/../../../../../H-x86_64-mingw32/nios2-elf/lib/mno-hw-mul\libc.a(lib_a-reallocr.o)
 .bss           0x00000000000293cc        0x0 c:/intelfpga_lite/21.1/nios2eds/bin/gnu/h-x86_64-mingw32/bin/../lib/gcc/nios2-elf/10.3.1/../../../../../H-x86_64-mingw32/nios2-elf/lib/mno-hw-mul\libc.a(lib_a-sbrkr.o)
 .bss           0x00000000000293cc        0x0 c:/intelfpga_lite/21.1/nios2eds/bin/gnu/h-x86_64-mingw32/bin/../lib/gcc/nios2-elf/10.3.1/../../../../../H-x86_64-mingw32/nios2-elf/lib/mno-hw-mul\libc.a(lib_a-stdio.o)
 .bss           0x00000000000293cc        0x0 c:/intelfpga_lite/21.1/nios2eds/bin/gnu/h-x86_64-mingw32/bin/../lib/gcc/nios2-elf/10.3.1/../../../../../H-x86_64-mingw32/nios2-elf/lib/mno-hw-mul\libc.a(lib_a-writer.o)
 .bss           0x00000000000293cc        0x0 c:/intelfpga_lite/21.1/nios2eds/bin/gnu/h-x86_64-mingw32/bin/../lib/gcc/nios2-elf/10.3.1/../../../../../H-x86_64-mingw32/nios2-elf/lib/mno-hw-mul\libc.a(lib_a-wsetup.o)
 .bss           0x00000000000293cc        0x0 c:/intelfpga_lite/21.1/nios2eds/bin/gnu/h-x86_64-mingw32/bin/../lib/gcc/nios2-elf/10.3.1/../../../../../H-x86_64-mingw32/nios2-elf/lib/mno-hw-mul\libc.a(closer.o)
 .bss           0x00000000000293cc        0x0 c:/intelfpga_lite/21.1/nios2eds/bin/gnu/h-x86_64-mingw32/bin/../lib/gcc/nios2-elf/10.3.1/../../../../../H-x86_64-mingw32/nios2-elf/lib/mno-hw-mul\libc.a(lib_a-fclose.o)
 .bss           0x00000000000293cc        0x0 c:/intelfpga_lite/21.1/nios2eds/bin/gnu/h-x86_64-mingw32/bin/../lib/gcc/nios2-elf/10.3.1/../../../../../H-x86_64-mingw32/nios2-elf/lib/mno-hw-mul\libc.a(lib_a-fflush.o)
 .bss           0x00000000000293cc        0x0 c:/intelfpga_lite/21.1/nios2eds/bin/gnu/h-x86_64-mingw32/bin/../lib/gcc/nios2-elf/10.3.1/../../../../../H-x86_64-mingw32/nios2-elf/lib/mno-hw-mul\libc.a(lib_a-freer.o)
 .bss           0x00000000000293cc        0x0 c:/intelfpga_lite/21.1/nios2eds/bin/gnu/h-x86_64-mingw32/bin/../lib/gcc/nios2-elf/10.3.1/../../../../../H-x86_64-mingw32/nios2-elf/lib/mno-hw-mul\libc.a(lib_a-int_errno.o)
 .bss           0x00000000000293cc        0x0 c:/intelfpga_lite/21.1/nios2eds/bin/gnu/h-x86_64-mingw32/bin/../lib/gcc/nios2-elf/10.3.1/../../../../../H-x86_64-mingw32/nios2-elf/lib/mno-hw-mul\libc.a(lib_a-lseekr.o)
 .bss           0x00000000000293cc        0x0 c:/intelfpga_lite/21.1/nios2eds/bin/gnu/h-x86_64-mingw32/bin/../lib/gcc/nios2-elf/10.3.1/../../../../../H-x86_64-mingw32/nios2-elf/lib/mno-hw-mul\libc.a(lib_a-makebuf.o)
 .bss           0x00000000000293cc        0x0 c:/intelfpga_lite/21.1/nios2eds/bin/gnu/h-x86_64-mingw32/bin/../lib/gcc/nios2-elf/10.3.1/../../../../../H-x86_64-mingw32/nios2-elf/lib/mno-hw-mul\libc.a(lib_a-readr.o)
 .bss           0x00000000000293cc        0x0 c:/intelfpga_lite/21.1/nios2eds/bin/gnu/h-x86_64-mingw32/bin/../lib/gcc/nios2-elf/10.3.1/../../../../../H-x86_64-mingw32/nios2-elf/lib/mno-hw-mul\libc.a(lib_a-fstatr.o)
 .bss           0x00000000000293cc        0x0 c:/intelfpga_lite/21.1/nios2eds/bin/gnu/h-x86_64-mingw32/bin/../lib/gcc/nios2-elf/10.3.1/../../../../../H-x86_64-mingw32/nios2-elf/lib/mno-hw-mul\libc.a(lib_a-isattyr.o)
 .bss           0x00000000000293cc        0x0 c:/intelfpga_lite/21.1/nios2eds/bin/gnu/h-x86_64-mingw32/bin/../lib/gcc/nios2-elf/10.3.1/mno-hw-mul\libgcc.a(lib2-divmod.o)
 .bss           0x00000000000293cc        0x0 c:/intelfpga_lite/21.1/nios2eds/bin/gnu/h-x86_64-mingw32/bin/../lib/gcc/nios2-elf/10.3.1/mno-hw-mul\libgcc.a(lib2-mul.o)
 .bss           0x00000000000293cc        0x0 c:/Users/Robin/Documents/GitHub/Headbang-bot/headbang_bot/software/audio_bsp/\libhal_bsp.a(alt_close.o)
 .bss           0x00000000000293cc        0x0 c:/Users/Robin/Documents/GitHub/Headbang-bot/headbang_bot/software/audio_bsp/\libhal_bsp.a(alt_dev.o)
 .bss           0x00000000000293cc        0x0 c:/Users/Robin/Documents/GitHub/Headbang-bot/headbang_bot/software/audio_bsp/\libhal_bsp.a(alt_errno.o)
 .bss           0x00000000000293cc        0x0 c:/Users/Robin/Documents/GitHub/Headbang-bot/headbang_bot/software/audio_bsp/\libhal_bsp.a(alt_fstat.o)
 .bss           0x00000000000293cc        0x0 c:/Users/Robin/Documents/GitHub/Headbang-bot/headbang_bot/software/audio_bsp/\libhal_bsp.a(alt_isatty.o)
 .bss           0x00000000000293cc        0x0 c:/Users/Robin/Documents/GitHub/Headbang-bot/headbang_bot/software/audio_bsp/\libhal_bsp.a(alt_load.o)
 .bss           0x00000000000293cc        0x0 c:/Users/Robin/Documents/GitHub/Headbang-bot/headbang_bot/software/audio_bsp/\libhal_bsp.a(alt_lseek.o)
 .bss           0x00000000000293cc        0x0 c:/Users/Robin/Documents/GitHub/Headbang-bot/headbang_bot/software/audio_bsp/\libhal_bsp.a(alt_main.o)
 .bss           0x00000000000293cc        0x0 c:/Users/Robin/Documents/GitHub/Headbang-bot/headbang_bot/software/audio_bsp/\libhal_bsp.a(alt_malloc_lock.o)
 .bss           0x00000000000293cc        0x0 c:/Users/Robin/Documents/GitHub/Headbang-bot/headbang_bot/software/audio_bsp/\libhal_bsp.a(alt_read.o)
 .bss           0x00000000000293cc        0x0 c:/Users/Robin/Documents/GitHub/Headbang-bot/headbang_bot/software/audio_bsp/\libhal_bsp.a(alt_release_fd.o)
 .bss           0x00000000000293cc        0x0 c:/Users/Robin/Documents/GitHub/Headbang-bot/headbang_bot/software/audio_bsp/\libhal_bsp.a(alt_sbrk.o)
 .bss           0x00000000000293cc        0x0 c:/Users/Robin/Documents/GitHub/Headbang-bot/headbang_bot/software/audio_bsp/\libhal_bsp.a(alt_write.o)
 .bss           0x00000000000293cc        0x0 c:/Users/Robin/Documents/GitHub/Headbang-bot/headbang_bot/software/audio_bsp/\libhal_bsp.a(alt_sys_init.o)
 .bss           0x00000000000293cc        0x0 c:/Users/Robin/Documents/GitHub/Headbang-bot/headbang_bot/software/audio_bsp/\libhal_bsp.a(altera_avalon_jtag_uart_fd.o)
 .bss           0x00000000000293cc        0x0 c:/Users/Robin/Documents/GitHub/Headbang-bot/headbang_bot/software/audio_bsp/\libhal_bsp.a(altera_avalon_jtag_uart_init.o)
 .bss           0x00000000000293cc        0x0 c:/Users/Robin/Documents/GitHub/Headbang-bot/headbang_bot/software/audio_bsp/\libhal_bsp.a(altera_avalon_jtag_uart_ioctl.o)
 .bss           0x00000000000293cc        0x0 c:/Users/Robin/Documents/GitHub/Headbang-bot/headbang_bot/software/audio_bsp/\libhal_bsp.a(altera_avalon_jtag_uart_read.o)
 .bss           0x00000000000293cc        0x0 c:/Users/Robin/Documents/GitHub/Headbang-bot/headbang_bot/software/audio_bsp/\libhal_bsp.a(altera_avalon_jtag_uart_write.o)
 .bss           0x00000000000293cc        0x0 c:/Users/Robin/Documents/GitHub/Headbang-bot/headbang_bot/software/audio_bsp/\libhal_bsp.a(altera_up_avalon_audio.o)
 .bss           0x00000000000293cc        0x0 c:/Users/Robin/Documents/GitHub/Headbang-bot/headbang_bot/software/audio_bsp/\libhal_bsp.a(alt_alarm_start.o)
 .bss           0x00000000000293cc        0x0 c:/Users/Robin/Documents/GitHub/Headbang-bot/headbang_bot/software/audio_bsp/\libhal_bsp.a(alt_dcache_flush_all.o)
 .bss           0x00000000000293cc        0x0 c:/Users/Robin/Documents/GitHub/Headbang-bot/headbang_bot/software/audio_bsp/\libhal_bsp.a(alt_dev_llist_insert.o)
 .bss           0x00000000000293cc        0x0 c:/Users/Robin/Documents/GitHub/Headbang-bot/headbang_bot/software/audio_bsp/\libhal_bsp.a(alt_do_ctors.o)
 .bss           0x00000000000293cc        0x0 c:/Users/Robin/Documents/GitHub/Headbang-bot/headbang_bot/software/audio_bsp/\libhal_bsp.a(alt_do_dtors.o)
 .bss           0x00000000000293cc        0x0 c:/Users/Robin/Documents/GitHub/Headbang-bot/headbang_bot/software/audio_bsp/\libhal_bsp.a(alt_find_dev.o)
 .bss           0x00000000000293cc        0x0 c:/Users/Robin/Documents/GitHub/Headbang-bot/headbang_bot/software/audio_bsp/\libhal_bsp.a(alt_icache_flush_all.o)
 .bss           0x00000000000293cc        0x0 c:/Users/Robin/Documents/GitHub/Headbang-bot/headbang_bot/software/audio_bsp/\libhal_bsp.a(alt_io_redirect.o)
 .bss           0x00000000000293cc        0x0 c:/Users/Robin/Documents/GitHub/Headbang-bot/headbang_bot/software/audio_bsp/\libhal_bsp.a(alt_irq_register.o)
 .bss           0x00000000000293cc        0x0 c:/Users/Robin/Documents/GitHub/Headbang-bot/headbang_bot/software/audio_bsp/\libhal_bsp.a(alt_irq_vars.o)
 .bss           0x00000000000293cc        0x0 c:/Users/Robin/Documents/GitHub/Headbang-bot/headbang_bot/software/audio_bsp/\libhal_bsp.a(alt_open.o)
 .bss           0x00000000000293cc        0x0 c:/Users/Robin/Documents/GitHub/Headbang-bot/headbang_bot/software/audio_bsp/\libhal_bsp.a(alt_tick.o)
 .bss           0x00000000000293cc        0x0 c:/Users/Robin/Documents/GitHub/Headbang-bot/headbang_bot/software/audio_bsp/\libhal_bsp.a(altera_nios2_gen2_irq.o)
 .bss           0x00000000000293cc        0x0 c:/Users/Robin/Documents/GitHub/Headbang-bot/headbang_bot/software/audio_bsp/\libhal_bsp.a(alt_find_file.o)
 .bss           0x00000000000293cc        0x0 c:/Users/Robin/Documents/GitHub/Headbang-bot/headbang_bot/software/audio_bsp/\libhal_bsp.a(alt_get_fd.o)
 .bss           0x00000000000293cc        0x0 c:/Users/Robin/Documents/GitHub/Headbang-bot/headbang_bot/software/audio_bsp/\libhal_bsp.a(alt_irq_entry.o)
 .bss           0x00000000000293cc      0x100 c:/Users/Robin/Documents/GitHub/Headbang-bot/headbang_bot/software/audio_bsp/\libhal_bsp.a(alt_irq_handler.o)
                0x00000000000293cc                alt_irq
 .bss           0x00000000000294cc        0x0 c:/Users/Robin/Documents/GitHub/Headbang-bot/headbang_bot/software/audio_bsp/\libhal_bsp.a(alt_exception_entry.o)
 .bss           0x00000000000294cc        0x0 c:/Users/Robin/Documents/GitHub/Headbang-bot/headbang_bot/software/audio_bsp/\libhal_bsp.a(alt_instruction_exception_entry.o)
 .bss           0x00000000000294cc        0x0 c:/intelfpga_lite/21.1/nios2eds/bin/gnu/h-x86_64-mingw32/bin/../lib/gcc/nios2-elf/10.3.1/../../../../../H-x86_64-mingw32/nios2-elf/lib/mno-hw-mul\libc.a(lib_a-atexit.o)
 .bss           0x00000000000294cc        0x0 c:/intelfpga_lite/21.1/nios2eds/bin/gnu/h-x86_64-mingw32/bin/../lib/gcc/nios2-elf/10.3.1/../../../../../H-x86_64-mingw32/nios2-elf/lib/mno-hw-mul\libc.a(lib_a-exit.o)
 .bss           0x00000000000294cc        0x0 c:/intelfpga_lite/21.1/nios2eds/bin/gnu/h-x86_64-mingw32/bin/../lib/gcc/nios2-elf/10.3.1/../../../../../H-x86_64-mingw32/nios2-elf/lib/mno-hw-mul\libc.a(lib_a-memcmp.o)
 .bss           0x00000000000294cc        0x0 c:/intelfpga_lite/21.1/nios2eds/bin/gnu/h-x86_64-mingw32/bin/../lib/gcc/nios2-elf/10.3.1/../../../../../H-x86_64-mingw32/nios2-elf/lib/mno-hw-mul\libc.a(lib_a-__atexit.o)
 .bss           0x00000000000294cc        0x0 c:/intelfpga_lite/21.1/nios2eds/bin/gnu/h-x86_64-mingw32/bin/../lib/gcc/nios2-elf/10.3.1/../../../../../H-x86_64-mingw32/nios2-elf/lib/mno-hw-mul\libc.a(lib_a-__call_atexit.o)
 .bss           0x00000000000294cc        0x0 c:/Users/Robin/Documents/GitHub/Headbang-bot/headbang_bot/software/audio_bsp/\libhal_bsp.a(alt_exit.o)
 *(COMMON)
                0x00000000000294cc                . = ALIGN (0x4)
                0x00000000000294cc                __bss_end = ABSOLUTE (.)

.onchip_memory2
                0x00000000000294cc        0x0
                [!provide]                        PROVIDE (_alt_partition_onchip_memory2_start = ABSOLUTE (.))
 *(.onchip_memory2 .onchip_memory2. onchip_memory2.*)
                0x00000000000294cc                . = ALIGN (0x4)
                [!provide]                        PROVIDE (_alt_partition_onchip_memory2_end = ABSOLUTE (.))
                0x00000000000294cc                _end = ABSOLUTE (.)
                0x00000000000294cc                end = ABSOLUTE (.)
                0x00000000000294cc                __alt_stack_base = ABSOLUTE (.)
                [!provide]                        PROVIDE (_alt_partition_onchip_memory2_load_addr = LOADADDR (.onchip_memory2))

.stab
 *(.stab)

.stabstr
 *(.stabstr)

.stab.excl
 *(.stab.excl)

.stab.exclstr
 *(.stab.exclstr)

.stab.index
 *(.stab.index)

.stab.indexstr
 *(.stab.indexstr)

.comment        0x0000000000000000       0x2d
 *(.comment)
 .comment       0x0000000000000000       0x2d obj/default/main.o
                                         0x2e (size before relaxing)
 .comment       0x000000000000002d       0x2e c:/intelfpga_lite/21.1/nios2eds/bin/gnu/h-x86_64-mingw32/bin/../lib/gcc/nios2-elf/10.3.1/../../../../../H-x86_64-mingw32/nios2-elf/lib/mno-hw-mul\libc.a(lib_a-puts.o)
 .comment       0x000000000000002d       0x2e c:/intelfpga_lite/21.1/nios2eds/bin/gnu/h-x86_64-mingw32/bin/../lib/gcc/nios2-elf/10.3.1/../../../../../H-x86_64-mingw32/nios2-elf/lib/mno-hw-mul\libc.a(lib_a-strlen.o)
 .comment       0x000000000000002d       0x2e c:/intelfpga_lite/21.1/nios2eds/bin/gnu/h-x86_64-mingw32/bin/../lib/gcc/nios2-elf/10.3.1/../../../../../H-x86_64-mingw32/nios2-elf/lib/mno-hw-mul\libc.a(lib_a-findfp.o)
 .comment       0x000000000000002d       0x2e c:/intelfpga_lite/21.1/nios2eds/bin/gnu/h-x86_64-mingw32/bin/../lib/gcc/nios2-elf/10.3.1/../../../../../H-x86_64-mingw32/nios2-elf/lib/mno-hw-mul\libc.a(lib_a-fvwrite.o)
 .comment       0x000000000000002d       0x2e c:/intelfpga_lite/21.1/nios2eds/bin/gnu/h-x86_64-mingw32/bin/../lib/gcc/nios2-elf/10.3.1/../../../../../H-x86_64-mingw32/nios2-elf/lib/mno-hw-mul\libc.a(lib_a-fwalk.o)
 .comment       0x000000000000002d       0x2e c:/intelfpga_lite/21.1/nios2eds/bin/gnu/h-x86_64-mingw32/bin/../lib/gcc/nios2-elf/10.3.1/../../../../../H-x86_64-mingw32/nios2-elf/lib/mno-hw-mul\libc.a(lib_a-impure.o)
 .comment       0x000000000000002d       0x2e c:/intelfpga_lite/21.1/nios2eds/bin/gnu/h-x86_64-mingw32/bin/../lib/gcc/nios2-elf/10.3.1/../../../../../H-x86_64-mingw32/nios2-elf/lib/mno-hw-mul\libc.a(lib_a-mallocr.o)
 .comment       0x000000000000002d       0x2e c:/intelfpga_lite/21.1/nios2eds/bin/gnu/h-x86_64-mingw32/bin/../lib/gcc/nios2-elf/10.3.1/../../../../../H-x86_64-mingw32/nios2-elf/lib/mno-hw-mul\libc.a(lib_a-memchr.o)
 .comment       0x000000000000002d       0x2e c:/intelfpga_lite/21.1/nios2eds/bin/gnu/h-x86_64-mingw32/bin/../lib/gcc/nios2-elf/10.3.1/../../../../../H-x86_64-mingw32/nios2-elf/lib/mno-hw-mul\libc.a(lib_a-memcpy.o)
 .comment       0x000000000000002d       0x2e c:/intelfpga_lite/21.1/nios2eds/bin/gnu/h-x86_64-mingw32/bin/../lib/gcc/nios2-elf/10.3.1/../../../../../H-x86_64-mingw32/nios2-elf/lib/mno-hw-mul\libc.a(lib_a-memmove.o)
 .comment       0x000000000000002d       0x2e c:/intelfpga_lite/21.1/nios2eds/bin/gnu/h-x86_64-mingw32/bin/../lib/gcc/nios2-elf/10.3.1/../../../../../H-x86_64-mingw32/nios2-elf/lib/mno-hw-mul\libc.a(lib_a-memset.o)
 .comment       0x000000000000002d       0x2e c:/intelfpga_lite/21.1/nios2eds/bin/gnu/h-x86_64-mingw32/bin/../lib/gcc/nios2-elf/10.3.1/../../../../../H-x86_64-mingw32/nios2-elf/lib/mno-hw-mul\libc.a(lib_a-reallocr.o)
 .comment       0x000000000000002d       0x2e c:/intelfpga_lite/21.1/nios2eds/bin/gnu/h-x86_64-mingw32/bin/../lib/gcc/nios2-elf/10.3.1/../../../../../H-x86_64-mingw32/nios2-elf/lib/mno-hw-mul\libc.a(lib_a-sbrkr.o)
 .comment       0x000000000000002d       0x2e c:/intelfpga_lite/21.1/nios2eds/bin/gnu/h-x86_64-mingw32/bin/../lib/gcc/nios2-elf/10.3.1/../../../../../H-x86_64-mingw32/nios2-elf/lib/mno-hw-mul\libc.a(lib_a-stdio.o)
 .comment       0x000000000000002d       0x2e c:/intelfpga_lite/21.1/nios2eds/bin/gnu/h-x86_64-mingw32/bin/../lib/gcc/nios2-elf/10.3.1/../../../../../H-x86_64-mingw32/nios2-elf/lib/mno-hw-mul\libc.a(lib_a-writer.o)
 .comment       0x000000000000002d       0x2e c:/intelfpga_lite/21.1/nios2eds/bin/gnu/h-x86_64-mingw32/bin/../lib/gcc/nios2-elf/10.3.1/../../../../../H-x86_64-mingw32/nios2-elf/lib/mno-hw-mul\libc.a(lib_a-wsetup.o)
 .comment       0x000000000000002d       0x2e c:/intelfpga_lite/21.1/nios2eds/bin/gnu/h-x86_64-mingw32/bin/../lib/gcc/nios2-elf/10.3.1/../../../../../H-x86_64-mingw32/nios2-elf/lib/mno-hw-mul\libc.a(closer.o)
 .comment       0x000000000000002d       0x2e c:/intelfpga_lite/21.1/nios2eds/bin/gnu/h-x86_64-mingw32/bin/../lib/gcc/nios2-elf/10.3.1/../../../../../H-x86_64-mingw32/nios2-elf/lib/mno-hw-mul\libc.a(lib_a-fclose.o)
 .comment       0x000000000000002d       0x2e c:/intelfpga_lite/21.1/nios2eds/bin/gnu/h-x86_64-mingw32/bin/../lib/gcc/nios2-elf/10.3.1/../../../../../H-x86_64-mingw32/nios2-elf/lib/mno-hw-mul\libc.a(lib_a-fflush.o)
 .comment       0x000000000000002d       0x2e c:/intelfpga_lite/21.1/nios2eds/bin/gnu/h-x86_64-mingw32/bin/../lib/gcc/nios2-elf/10.3.1/../../../../../H-x86_64-mingw32/nios2-elf/lib/mno-hw-mul\libc.a(lib_a-freer.o)
 .comment       0x000000000000002d       0x2e c:/intelfpga_lite/21.1/nios2eds/bin/gnu/h-x86_64-mingw32/bin/../lib/gcc/nios2-elf/10.3.1/../../../../../H-x86_64-mingw32/nios2-elf/lib/mno-hw-mul\libc.a(lib_a-int_errno.o)
 .comment       0x000000000000002d       0x2e c:/intelfpga_lite/21.1/nios2eds/bin/gnu/h-x86_64-mingw32/bin/../lib/gcc/nios2-elf/10.3.1/../../../../../H-x86_64-mingw32/nios2-elf/lib/mno-hw-mul\libc.a(lib_a-lseekr.o)
 .comment       0x000000000000002d       0x2e c:/intelfpga_lite/21.1/nios2eds/bin/gnu/h-x86_64-mingw32/bin/../lib/gcc/nios2-elf/10.3.1/../../../../../H-x86_64-mingw32/nios2-elf/lib/mno-hw-mul\libc.a(lib_a-makebuf.o)
 .comment       0x000000000000002d       0x2e c:/intelfpga_lite/21.1/nios2eds/bin/gnu/h-x86_64-mingw32/bin/../lib/gcc/nios2-elf/10.3.1/../../../../../H-x86_64-mingw32/nios2-elf/lib/mno-hw-mul\libc.a(lib_a-readr.o)
 .comment       0x000000000000002d       0x2e c:/intelfpga_lite/21.1/nios2eds/bin/gnu/h-x86_64-mingw32/bin/../lib/gcc/nios2-elf/10.3.1/../../../../../H-x86_64-mingw32/nios2-elf/lib/mno-hw-mul\libc.a(lib_a-fstatr.o)
 .comment       0x000000000000002d       0x2e c:/intelfpga_lite/21.1/nios2eds/bin/gnu/h-x86_64-mingw32/bin/../lib/gcc/nios2-elf/10.3.1/../../../../../H-x86_64-mingw32/nios2-elf/lib/mno-hw-mul\libc.a(lib_a-isattyr.o)
 .comment       0x000000000000002d       0x2e c:/intelfpga_lite/21.1/nios2eds/bin/gnu/h-x86_64-mingw32/bin/../lib/gcc/nios2-elf/10.3.1/mno-hw-mul\libgcc.a(lib2-divmod.o)
 .comment       0x000000000000002d       0x2e c:/intelfpga_lite/21.1/nios2eds/bin/gnu/h-x86_64-mingw32/bin/../lib/gcc/nios2-elf/10.3.1/mno-hw-mul\libgcc.a(lib2-mul.o)
 .comment       0x000000000000002d       0x2e c:/Users/Robin/Documents/GitHub/Headbang-bot/headbang_bot/software/audio_bsp/\libhal_bsp.a(alt_close.o)
 .comment       0x000000000000002d       0x2e c:/Users/Robin/Documents/GitHub/Headbang-bot/headbang_bot/software/audio_bsp/\libhal_bsp.a(alt_dev.o)
 .comment       0x000000000000002d       0x2e c:/Users/Robin/Documents/GitHub/Headbang-bot/headbang_bot/software/audio_bsp/\libhal_bsp.a(alt_errno.o)
 .comment       0x000000000000002d       0x2e c:/Users/Robin/Documents/GitHub/Headbang-bot/headbang_bot/software/audio_bsp/\libhal_bsp.a(alt_fstat.o)
 .comment       0x000000000000002d       0x2e c:/Users/Robin/Documents/GitHub/Headbang-bot/headbang_bot/software/audio_bsp/\libhal_bsp.a(alt_isatty.o)
 .comment       0x000000000000002d       0x2e c:/Users/Robin/Documents/GitHub/Headbang-bot/headbang_bot/software/audio_bsp/\libhal_bsp.a(alt_load.o)
 .comment       0x000000000000002d       0x2e c:/Users/Robin/Documents/GitHub/Headbang-bot/headbang_bot/software/audio_bsp/\libhal_bsp.a(alt_lseek.o)
 .comment       0x000000000000002d       0x2e c:/Users/Robin/Documents/GitHub/Headbang-bot/headbang_bot/software/audio_bsp/\libhal_bsp.a(alt_main.o)
 .comment       0x000000000000002d       0x2e c:/Users/Robin/Documents/GitHub/Headbang-bot/headbang_bot/software/audio_bsp/\libhal_bsp.a(alt_malloc_lock.o)
 .comment       0x000000000000002d       0x2e c:/Users/Robin/Documents/GitHub/Headbang-bot/headbang_bot/software/audio_bsp/\libhal_bsp.a(alt_read.o)
 .comment       0x000000000000002d       0x2e c:/Users/Robin/Documents/GitHub/Headbang-bot/headbang_bot/software/audio_bsp/\libhal_bsp.a(alt_release_fd.o)
 .comment       0x000000000000002d       0x2e c:/Users/Robin/Documents/GitHub/Headbang-bot/headbang_bot/software/audio_bsp/\libhal_bsp.a(alt_sbrk.o)
 .comment       0x000000000000002d       0x2e c:/Users/Robin/Documents/GitHub/Headbang-bot/headbang_bot/software/audio_bsp/\libhal_bsp.a(alt_write.o)
 .comment       0x000000000000002d       0x2e c:/Users/Robin/Documents/GitHub/Headbang-bot/headbang_bot/software/audio_bsp/\libhal_bsp.a(alt_sys_init.o)
 .comment       0x000000000000002d       0x2e c:/Users/Robin/Documents/GitHub/Headbang-bot/headbang_bot/software/audio_bsp/\libhal_bsp.a(altera_avalon_jtag_uart_fd.o)
 .comment       0x000000000000002d       0x2e c:/Users/Robin/Documents/GitHub/Headbang-bot/headbang_bot/software/audio_bsp/\libhal_bsp.a(altera_avalon_jtag_uart_init.o)
 .comment       0x000000000000002d       0x2e c:/Users/Robin/Documents/GitHub/Headbang-bot/headbang_bot/software/audio_bsp/\libhal_bsp.a(altera_avalon_jtag_uart_ioctl.o)
 .comment       0x000000000000002d       0x2e c:/Users/Robin/Documents/GitHub/Headbang-bot/headbang_bot/software/audio_bsp/\libhal_bsp.a(altera_avalon_jtag_uart_read.o)
 .comment       0x000000000000002d       0x2e c:/Users/Robin/Documents/GitHub/Headbang-bot/headbang_bot/software/audio_bsp/\libhal_bsp.a(altera_avalon_jtag_uart_write.o)
 .comment       0x000000000000002d       0x2e c:/Users/Robin/Documents/GitHub/Headbang-bot/headbang_bot/software/audio_bsp/\libhal_bsp.a(altera_up_avalon_audio.o)
 .comment       0x000000000000002d       0x2e c:/Users/Robin/Documents/GitHub/Headbang-bot/headbang_bot/software/audio_bsp/\libhal_bsp.a(alt_alarm_start.o)
 .comment       0x000000000000002d       0x2e c:/Users/Robin/Documents/GitHub/Headbang-bot/headbang_bot/software/audio_bsp/\libhal_bsp.a(alt_dcache_flush_all.o)
 .comment       0x000000000000002d       0x2e c:/Users/Robin/Documents/GitHub/Headbang-bot/headbang_bot/software/audio_bsp/\libhal_bsp.a(alt_dev_llist_insert.o)
 .comment       0x000000000000002d       0x2e c:/Users/Robin/Documents/GitHub/Headbang-bot/headbang_bot/software/audio_bsp/\libhal_bsp.a(alt_do_ctors.o)
 .comment       0x000000000000002d       0x2e c:/Users/Robin/Documents/GitHub/Headbang-bot/headbang_bot/software/audio_bsp/\libhal_bsp.a(alt_do_dtors.o)
 .comment       0x000000000000002d       0x2e c:/Users/Robin/Documents/GitHub/Headbang-bot/headbang_bot/software/audio_bsp/\libhal_bsp.a(alt_find_dev.o)
 .comment       0x000000000000002d       0x2e c:/Users/Robin/Documents/GitHub/Headbang-bot/headbang_bot/software/audio_bsp/\libhal_bsp.a(alt_icache_flush_all.o)
 .comment       0x000000000000002d       0x2e c:/Users/Robin/Documents/GitHub/Headbang-bot/headbang_bot/software/audio_bsp/\libhal_bsp.a(alt_io_redirect.o)
 .comment       0x000000000000002d       0x2e c:/Users/Robin/Documents/GitHub/Headbang-bot/headbang_bot/software/audio_bsp/\libhal_bsp.a(alt_irq_register.o)
 .comment       0x000000000000002d       0x2e c:/Users/Robin/Documents/GitHub/Headbang-bot/headbang_bot/software/audio_bsp/\libhal_bsp.a(alt_irq_vars.o)
 .comment       0x000000000000002d       0x2e c:/Users/Robin/Documents/GitHub/Headbang-bot/headbang_bot/software/audio_bsp/\libhal_bsp.a(alt_open.o)
 .comment       0x000000000000002d       0x2e c:/Users/Robin/Documents/GitHub/Headbang-bot/headbang_bot/software/audio_bsp/\libhal_bsp.a(alt_tick.o)
 .comment       0x000000000000002d       0x2e c:/Users/Robin/Documents/GitHub/Headbang-bot/headbang_bot/software/audio_bsp/\libhal_bsp.a(altera_nios2_gen2_irq.o)
 .comment       0x000000000000002d       0x2e c:/Users/Robin/Documents/GitHub/Headbang-bot/headbang_bot/software/audio_bsp/\libhal_bsp.a(alt_find_file.o)
 .comment       0x000000000000002d       0x2e c:/Users/Robin/Documents/GitHub/Headbang-bot/headbang_bot/software/audio_bsp/\libhal_bsp.a(alt_get_fd.o)
 .comment       0x000000000000002d       0x2e c:/Users/Robin/Documents/GitHub/Headbang-bot/headbang_bot/software/audio_bsp/\libhal_bsp.a(alt_irq_handler.o)
 .comment       0x000000000000002d       0x2e c:/Users/Robin/Documents/GitHub/Headbang-bot/headbang_bot/software/audio_bsp/\libhal_bsp.a(alt_instruction_exception_entry.o)
 .comment       0x000000000000002d       0x2e c:/intelfpga_lite/21.1/nios2eds/bin/gnu/h-x86_64-mingw32/bin/../lib/gcc/nios2-elf/10.3.1/../../../../../H-x86_64-mingw32/nios2-elf/lib/mno-hw-mul\libc.a(lib_a-atexit.o)
 .comment       0x000000000000002d       0x2e c:/intelfpga_lite/21.1/nios2eds/bin/gnu/h-x86_64-mingw32/bin/../lib/gcc/nios2-elf/10.3.1/../../../../../H-x86_64-mingw32/nios2-elf/lib/mno-hw-mul\libc.a(lib_a-exit.o)
 .comment       0x000000000000002d       0x2e c:/intelfpga_lite/21.1/nios2eds/bin/gnu/h-x86_64-mingw32/bin/../lib/gcc/nios2-elf/10.3.1/../../../../../H-x86_64-mingw32/nios2-elf/lib/mno-hw-mul\libc.a(lib_a-memcmp.o)
 .comment       0x000000000000002d       0x2e c:/intelfpga_lite/21.1/nios2eds/bin/gnu/h-x86_64-mingw32/bin/../lib/gcc/nios2-elf/10.3.1/../../../../../H-x86_64-mingw32/nios2-elf/lib/mno-hw-mul\libc.a(lib_a-__atexit.o)
 .comment       0x000000000000002d       0x2e c:/intelfpga_lite/21.1/nios2eds/bin/gnu/h-x86_64-mingw32/bin/../lib/gcc/nios2-elf/10.3.1/../../../../../H-x86_64-mingw32/nios2-elf/lib/mno-hw-mul\libc.a(lib_a-__call_atexit.o)
 .comment       0x000000000000002d       0x2e c:/Users/Robin/Documents/GitHub/Headbang-bot/headbang_bot/software/audio_bsp/\libhal_bsp.a(alt_exit.o)

.debug
 *(.debug)

.line
 *(.line)

.debug_srcinfo
 *(.debug_srcinfo)

.debug_sfnames
 *(.debug_sfnames)

.debug_aranges  0x0000000000000000      0xa20
 *(.debug_aranges)
 .debug_aranges
                0x0000000000000000       0x28 c:/Users/Robin/Documents/GitHub/Headbang-bot/headbang_bot/software/audio_bsp//obj/HAL/src/crt0.o
 .debug_aranges
                0x0000000000000028       0x20 obj/default/main.o
 .debug_aranges
                0x0000000000000048       0x28 c:/intelfpga_lite/21.1/nios2eds/bin/gnu/h-x86_64-mingw32/bin/../lib/gcc/nios2-elf/10.3.1/../../../../../H-x86_64-mingw32/nios2-elf/lib/mno-hw-mul\libc.a(lib_a-puts.o)
 .debug_aranges
                0x0000000000000070       0x20 c:/intelfpga_lite/21.1/nios2eds/bin/gnu/h-x86_64-mingw32/bin/../lib/gcc/nios2-elf/10.3.1/../../../../../H-x86_64-mingw32/nios2-elf/lib/mno-hw-mul\libc.a(lib_a-strlen.o)
 .debug_aranges
                0x0000000000000090       0x68 c:/intelfpga_lite/21.1/nios2eds/bin/gnu/h-x86_64-mingw32/bin/../lib/gcc/nios2-elf/10.3.1/../../../../../H-x86_64-mingw32/nios2-elf/lib/mno-hw-mul\libc.a(lib_a-findfp.o)
 .debug_aranges
                0x00000000000000f8       0x20 c:/intelfpga_lite/21.1/nios2eds/bin/gnu/h-x86_64-mingw32/bin/../lib/gcc/nios2-elf/10.3.1/../../../../../H-x86_64-mingw32/nios2-elf/lib/mno-hw-mul\libc.a(lib_a-fvwrite.o)
 .debug_aranges
                0x0000000000000118       0x28 c:/intelfpga_lite/21.1/nios2eds/bin/gnu/h-x86_64-mingw32/bin/../lib/gcc/nios2-elf/10.3.1/../../../../../H-x86_64-mingw32/nios2-elf/lib/mno-hw-mul\libc.a(lib_a-fwalk.o)
 .debug_aranges
                0x0000000000000140       0x18 c:/intelfpga_lite/21.1/nios2eds/bin/gnu/h-x86_64-mingw32/bin/../lib/gcc/nios2-elf/10.3.1/../../../../../H-x86_64-mingw32/nios2-elf/lib/mno-hw-mul\libc.a(lib_a-impure.o)
 .debug_aranges
                0x0000000000000158       0x20 c:/intelfpga_lite/21.1/nios2eds/bin/gnu/h-x86_64-mingw32/bin/../lib/gcc/nios2-elf/10.3.1/../../../../../H-x86_64-mingw32/nios2-elf/lib/mno-hw-mul\libc.a(lib_a-mallocr.o)
 .debug_aranges
                0x0000000000000178       0x20 c:/intelfpga_lite/21.1/nios2eds/bin/gnu/h-x86_64-mingw32/bin/../lib/gcc/nios2-elf/10.3.1/../../../../../H-x86_64-mingw32/nios2-elf/lib/mno-hw-mul\libc.a(lib_a-memchr.o)
 .debug_aranges
                0x0000000000000198       0x20 c:/intelfpga_lite/21.1/nios2eds/bin/gnu/h-x86_64-mingw32/bin/../lib/gcc/nios2-elf/10.3.1/../../../../../H-x86_64-mingw32/nios2-elf/lib/mno-hw-mul\libc.a(lib_a-memcpy.o)
 .debug_aranges
                0x00000000000001b8       0x20 c:/intelfpga_lite/21.1/nios2eds/bin/gnu/h-x86_64-mingw32/bin/../lib/gcc/nios2-elf/10.3.1/../../../../../H-x86_64-mingw32/nios2-elf/lib/mno-hw-mul\libc.a(lib_a-memmove.o)
 .debug_aranges
                0x00000000000001d8       0x20 c:/intelfpga_lite/21.1/nios2eds/bin/gnu/h-x86_64-mingw32/bin/../lib/gcc/nios2-elf/10.3.1/../../../../../H-x86_64-mingw32/nios2-elf/lib/mno-hw-mul\libc.a(lib_a-memset.o)
 .debug_aranges
                0x00000000000001f8       0x20 c:/intelfpga_lite/21.1/nios2eds/bin/gnu/h-x86_64-mingw32/bin/../lib/gcc/nios2-elf/10.3.1/../../../../../H-x86_64-mingw32/nios2-elf/lib/mno-hw-mul\libc.a(lib_a-reallocr.o)